Microchip MPLAB XC8 Compiler V3.10

Linker command line:

-W-3 \
  --edf=C:\Program Files\Microchip\xc8\v3.10\pic\dat\20250813170317_en.msgs \
  -cn -h+dist/default/debug\Diplomski_rad.X.debug.sym \
  --cmf=dist/default/debug\Diplomski_rad.X.debug.cmf -z -Q18F47Q10 \
  -oC:\Users\jazzg\AppData\Local\Temp\xcAspm0.0\driver_tmp_3.o \
  --defsym=__MPLAB_BUILD=1 --fixupoverflow=error \
  -Mdist/default/debug/Diplomski_rad.X.debug.map \
  --md=C:\Users\jazzg\AppData\Local\Temp\xcAspm0.0\driver_tmp_0.dat -E1 \
  -ver=XC8 Compiler -ACODE=00h-01FFFFh -ACONST=00h-01FFFFh \
  -ASMALLCONST=01000h-010FFhx240,011000h-0110FFhx240 \
  -AMEDIUMCONST=01000h-0FFFFh,011000h-01FFFFh -ACOMRAM=01h-05Fh \
  -AABS1=00h-0CFFh,0E00h-0E1Eh -ABIGRAM=01h-0CFFh,0E00h-0E1Eh \
  -ARAM=060h-0FFh,0100h-01FFhx12,0E00h-0E1Eh -ABANK0=060h-0FFh \
  -ABANK1=0100h-01FFh -ABANK2=0200h-02FFh -ABANK3=0300h-03FFh \
  -ABANK4=0400h-04FFh -ABANK5=0500h-05FFh -ABANK6=0600h-06FFh \
  -ABANK7=0700h-07FFh -ABANK8=0800h-08FFh -ABANK9=0900h-09FFh \
  -ABANK10=0A00h-0AFFh -ABANK11=0B00h-0BFFh -ABANK12=0C00h-0CFFh \
  -ABANK14=0E00h-0E1Eh \
  -ASFR=0D00h-0DFFh,0E1Fh-0EFFh,0F00h-0F5Fh,0F60h-0FFFh \
  -ABIGSFR=0D00h-0DFFh,0E1Fh-0FFFh -ACONFIG=0300000h-030000Bh \
  -AIDLOC=0200000h-02000FFh -AEEDATA=0310000h-03103FFh -peeprom_data=EEDATA \
  -preset_vec=00h,intcode=8h,intcodelo=18h,sivt_lo,sivt_hi=CODE \
  -ppowerup=CODE,init -pramtop=01000h -psmallconst=SMALLCONST \
  -pmediumconst=MEDIUMCONST -pconst=CONST -AFARRAM=00h-00h \
  -prdata=COMRAM,nvrram=COMRAM,nvbit=COMRAM,rbss=COMRAM,rbit=COMRAM \
  -pfarbss=FARRAM,fardata=FARRAM,nvFARRAM=FARRAM \
  -pintsave_regs=BIGRAM,bigbss=BIGRAM,bigdata=BIGRAM -pbss=RAM \
  -pidata=CODE,irdata=CODE,ibigdata=CODE,ifardata=CODE -prparam=COMRAM \
  C:\Users\jazzg\AppData\Local\Temp\xcAspm0.0\driver_tmp_14.o \
  dist/default/debug\Diplomski_rad.X.debug.o 

Object code version is 3.11

Machine type is 18F47Q10



                Name                               Link     Load   Length Selector   Space Scale
C:\Users\jazzg\AppData\Local\Temp\xcAspm0.0\driver_tmp_14.o
                config                           300000   300000        C        0       4
                init                                1DE      1DE        4        4       0
                reset_vec                             0        0        4        0       0
dist/default/debug\Diplomski_rad.X.debug.o
                intcode                               8        8      1D6        4       0
                config                           300000   300000        C        0       4
                mediumconst                        FEFA     FEFA      106     7F7D       0
                text96                            12292    12292        4     8000       0
                text95                            1228E    1228E        4     8000       0
                text94                            1228A    1228A        4     8000       0
                text93                            12286    12286        4     8000       0
                text92                            111F4    111F4      108     8000       0
                text91                            11D1E    11D1E       44     8000       0
                text90                            12256    12256        A     8000       0
                text89                            11CDA    11CDA       44     8000       0
                text88                            11C96    11C96       44     8000       0
                text87                            12282    12282        4     8000       0
                text86                            1227E    1227E        4     8000       0
                text85                            1227A    1227A        4     8000       0
                text84                            12276    12276        4     8000       0
                text83                            1177E    1177E       74     8000       0
                text82                            1223C    1223C        E     8000       0
                text81                            122A4    122A4        2     914E       0
                text80                            12270    12270        6     8000       0
                text79                            11F40    11F40       32     8000       0
                text78                            11C50    11C50       46     8000       0
                text77                            10C46    10C46      154     8000       0
                text76                            10996    10996      15A     8000       0
                text75                            10EC0    10EC0      11A     8000       0
                text74                            11E44    11E44       34     8000       0
                text73                            1041C    1041C      412     8000       0
                text72                            1168C    1168C       7E     8000       0
                text71                            112FC    112FC       D2     8000       0
                text70                            110E8    110E8      10C     8000       0
                text69                            11F0E    11F0E       32     8000       0
                text68                            120B2    120B2       22     8000       0
                text67                            12090    12090       22     8000       0
                text66                            1206E    1206E       22     8000       0
                text65                            1204C    1204C       22     8000       0
                text64                            11860    11860       6C     8000       0
                text63                            12120    12120       16     8000       0
                text62                            11D62    11D62       3E     8000       0
                text61                            11C0A    11C0A       46     8000       0
                text60                            11BC2    11BC2       48     8000       0
                text59                            122A2    122A2        2     914E       0
                text58                            117F2    117F2       6E     8000       0
                text57                            122A0    122A0        2     914E       0
                text56                            118CC    118CC       6A     8000       0
                text55                            1229E    1229E        2     914E       0
                text54                            12268    12268        8     8000       0
                text53                            1229C    1229C        2     914E       0
                text52                            11B7A    11B7A       48     8000       0
                text50                            12006    12006       24     8000       0
                text49                            120F2    120F2       18     8000       0
                text48                            1214A    1214A       12     8000       0
                text47                            120D4    120D4       1E     8000       0
                text46                            1224A    1224A        C     8000       0
                text45                            11FE2    11FE2       24     8000       0
                text44                            11FBE    11FBE       24     8000       0
                text43                            1170A    1170A       74     8000       0
                text42                            12260    12260        8     8000       0
                text41                            1222E    1222E        E     8000       0
                text40                            12220    12220        E     8000       0
                text39                            12212    12212        E     8000       0
                text38                            11B2E    11B2E       4C     8000       0
                text37                            12204    12204        E     8000       0
                text36                            11568    11568       A2     8000       0
                text35                            11EDC    11EDC       32     8000       0
                text34                            11EAA    11EAA       32     8000       0
                text33                            11E0E    11E0E       36     8000       0
                text32                            11DA0    11DA0       38     8000       0
                text31                            11E78    11E78       32     8000       0
                text30                            121F6    121F6        E     8000       0
                text29                            121E8    121E8        E     8000       0
                text28                            121DA    121DA        E     8000       0
                text27                            121CC    121CC        E     8000       0
                text26                            11ADE    11ADE       50     8000       0
                text25                            12136    12136       14     8000       0
                text24                            11A8E    11A8E       50     8000       0
                text23                            11A3E    11A3E       50     8000       0
                text22                            121BE    121BE        E     8000       0
                text21                            121B0    121B0        E     8000       0
                text20                            121A2    121A2        E     8000       0
                text19                            12194    12194        E     8000       0
                text18                            12186    12186        E     8000       0
                text17                            12178    12178        E     8000       0
                text16                            1216A    1216A        E     8000       0
                text15                            1215C    1215C        E     8000       0
                text14                            113CE    113CE       CE     8000       0
                text13                            1082E    1082E      168     8000       0
                text12                            10D9A    10D9A      126     8000       0
                text11                            11DD8    11DD8       36     8000       0
                text10                            10000    10000      41C     8000       0
                text9                             10FDA    10FDA      10E     8000       0
                text8                             1210A    1210A       16     8000       0
                text7                             1199A    1199A       54     8000       0
                text6                             1202A    1202A       22     8000       0
                text5                             1149C    1149C       CC     8000       0
                text4                             1160A    1160A       82     8000       0
                text3                             119EE    119EE       50     8000       0
                text2                             11F72    11F72       28     8000       0
                text1                             11F9A    11F9A       24     8000       0
                text0                             10AF0    10AF0      156     8000       0
                cstackCOMRAM                          2        2       22        2       1
                cstackBANK0                          F8       F8        5       60       1
                cstackBANK1                         120      120       1A      100       1
                bssBANK1                            100      100       20      100       1
                dataBANK0                            FD       FD        2       60       1
                bssBANK0                             60       60       83       60       1
                dataCOMRAM                           43       43        3        2       1
                bssCOMRAM                            24       24       1F        2       1
                cinit                             11936    11936       64     8000       0
                nvBANK0                              E3       E3       15       60       1
                idataBANK0                        12299    12299        2     8000       0
                idataCOMRAM                       12296    12296        3     8000       0

TOTAL           Name                               Link     Load   Length     Space
        CLASS   CODE           
                intcode                               8        8      1D6         0
                init                                1DE      1DE        4         0
                reset_vec                             0        0        4         0
                text96                            12292    12292        4         0
                text95                            1228E    1228E        4         0
                text94                            1228A    1228A        4         0
                text93                            12286    12286        4         0
                text92                            111F4    111F4      108         0
                text91                            11D1E    11D1E       44         0
                text90                            12256    12256        A         0
                text89                            11CDA    11CDA       44         0
                text88                            11C96    11C96       44         0
                text87                            12282    12282        4         0
                text86                            1227E    1227E        4         0
                text85                            1227A    1227A        4         0
                text84                            12276    12276        4         0
                text83                            1177E    1177E       74         0
                text82                            1223C    1223C        E         0
                text81                            122A4    122A4        2         0
                text80                            12270    12270        6         0
                text79                            11F40    11F40       32         0
                text78                            11C50    11C50       46         0
                text77                            10C46    10C46      154         0
                text76                            10996    10996      15A         0
                text75                            10EC0    10EC0      11A         0
                text74                            11E44    11E44       34         0
                text73                            1041C    1041C      412         0
                text72                            1168C    1168C       7E         0
                text71                            112FC    112FC       D2         0
                text70                            110E8    110E8      10C         0
                text69                            11F0E    11F0E       32         0
                text68                            120B2    120B2       22         0
                text67                            12090    12090       22         0
                text66                            1206E    1206E       22         0
                text65                            1204C    1204C       22         0
                text64                            11860    11860       6C         0
                text63                            12120    12120       16         0
                text62                            11D62    11D62       3E         0
                text61                            11C0A    11C0A       46         0
                text60                            11BC2    11BC2       48         0
                text59                            122A2    122A2        2         0
                text58                            117F2    117F2       6E         0
                text57                            122A0    122A0        2         0
                text56                            118CC    118CC       6A         0
                text55                            1229E    1229E        2         0
                text54                            12268    12268        8         0
                text53                            1229C    1229C        2         0
                text52                            11B7A    11B7A       48         0
                text50                            12006    12006       24         0
                text49                            120F2    120F2       18         0
                text48                            1214A    1214A       12         0
                text47                            120D4    120D4       1E         0
                text46                            1224A    1224A        C         0
                text45                            11FE2    11FE2       24         0
                text44                            11FBE    11FBE       24         0
                text43                            1170A    1170A       74         0
                text42                            12260    12260        8         0
                text41                            1222E    1222E        E         0
                text40                            12220    12220        E         0
                text39                            12212    12212        E         0
                text38                            11B2E    11B2E       4C         0
                text37                            12204    12204        E         0
                text36                            11568    11568       A2         0
                text35                            11EDC    11EDC       32         0
                text34                            11EAA    11EAA       32         0
                text33                            11E0E    11E0E       36         0
                text32                            11DA0    11DA0       38         0
                text31                            11E78    11E78       32         0
                text30                            121F6    121F6        E         0
                text29                            121E8    121E8        E         0
                text28                            121DA    121DA        E         0
                text27                            121CC    121CC        E         0
                text26                            11ADE    11ADE       50         0
                text25                            12136    12136       14         0
                text24                            11A8E    11A8E       50         0
                text23                            11A3E    11A3E       50         0
                text22                            121BE    121BE        E         0
                text21                            121B0    121B0        E         0
                text20                            121A2    121A2        E         0
                text19                            12194    12194        E         0
                text18                            12186    12186        E         0
                text17                            12178    12178        E         0
                text16                            1216A    1216A        E         0
                text15                            1215C    1215C        E         0
                text14                            113CE    113CE       CE         0
                text13                            1082E    1082E      168         0
                text12                            10D9A    10D9A      126         0
                text11                            11DD8    11DD8       36         0
                text10                            10000    10000      41C         0
                text9                             10FDA    10FDA      10E         0
                text8                             1210A    1210A       16         0
                text7                             1199A    1199A       54         0
                text6                             1202A    1202A       22         0
                text5                             1149C    1149C       CC         0
                text4                             1160A    1160A       82         0
                text3                             119EE    119EE       50         0
                text2                             11F72    11F72       28         0
                text1                             11F9A    11F9A       24         0
                text0                             10AF0    10AF0      156         0
                cinit                             11936    11936       64         0
                idataBANK0                        12299    12299        2         0
                idataCOMRAM                       12296    12296        3         0

        CLASS   CONST          

        CLASS   SMALLCONST     

        CLASS   MEDIUMCONST    
                mediumconst                        FEFA     FEFA      106         0

        CLASS   COMRAM         
                cstackCOMRAM                          2        2       22         1
                dataCOMRAM                           43       43        3         1
                bssCOMRAM                            24       24       1F         1

        CLASS   ABS1           
                abs_s1                                1        1        1         1

        CLASS   BIGRAM         

        CLASS   RAM            

        CLASS   BANK0          
                cstackBANK0                          F8       F8        5         1
                dataBANK0                            FD       FD        2         1
                bssBANK0                             60       60       83         1
                nvBANK0                              E3       E3       15         1

        CLASS   BANK1          
                cstackBANK1                         120      120       1A         1
                bssBANK1                            100      100       20         1

        CLASS   BANK2          

        CLASS   BANK3          

        CLASS   BANK4          

        CLASS   BANK5          

        CLASS   BANK6          

        CLASS   BANK7          

        CLASS   BANK8          

        CLASS   BANK9          

        CLASS   BANK10         

        CLASS   BANK11         

        CLASS   BANK12         

        CLASS   BANK14         

        CLASS   SFR            

        CLASS   BIGSFR         

        CLASS   CONFIG         
                config                           300000   300000        C         4

        CLASS   IDLOC          

        CLASS   EEDATA         

        CLASS   FARRAM         

        CLASS   HEAP           

        CLASS   STACK          



SEGMENTS        Name                           Load    Length   Top    Selector   Space  Class

                reset_vec                      000000  000004  000004         0       0  CODE    
                cstackCOMRAM                   000002  000044  000046         2       1  COMRAM  
                intcode                        000008  0001DA  0001E2         4       0  CODE    
                bssBANK0                       000060  00009F  0000FF        60       1  BANK0   
                bssBANK1                       000100  00003A  00013A       100       1  BANK1   
                mediumconst                    00FEFA  000106  010000      7F7D       0  MEDIUMCO
                text10                         010000  00229B  01229B      8000       0  CODE    
                text53                         01229C  00000A  0122A6      914E       0  CODE    


UNUSED ADDRESS RANGES

        Name                Unused          Largest block    Delta
        BANK0            0000FF-0000FF                1
        BANK1            00013A-0001FF               C6
        BANK10           000A00-000AFF              100
        BANK11           000B00-000BFF              100
        BANK12           000C00-000CFF              100
        BANK14           000E00-000E1E               1F
        BANK2            000200-0002FF              100
        BANK3            000300-0003FF              100
        BANK4            000400-0004FF              100
        BANK5            000500-0005FF              100
        BANK6            000600-0006FF              100
        BANK7            000700-0007FF              100
        BANK8            000800-0008FF              100
        BANK9            000900-0009FF              100
        BIGRAM           000046-00005F               1A
                         0000FF-0000FF                1
                         00013A-000CFF              BC6
                         000E00-000E1E               1F
        BIGSFR           000D00-000DFF              100
                         000E1F-000FFF              1E1
        CODE             000004-000007                4
                         0001E2-00FEF9             FD18
                         01229B-01229B                1
                         0122A6-01FFFF             DD5A
        COMRAM           000046-00005F               1A
        CONST            000004-000007                4
                         0001E2-00FEF9             FD18
                         01229B-01229B                1
                         0122A6-01FFFF             DD5A
        EEDATA           310000-3103FF              400
        IDLOC            200000-2000FF              100
        MEDIUMCONST      001000-00FEF9             EEFA
                         01229B-01229B                1
                         0122A6-01FFFF             DD5A
        RAM              0000FF-0000FF                1
                         00013A-000CFF              100
                         000E00-000E1E               1F
        SFR              000D00-000DFF              100
                         000E1F-000FFF               E1
        SMALLCONST       001000-00FEF9              100
                         01229B-01229B                1
                         0122A6-01FFFF              100

                                  Symbol Table

?_TMR0_CounterGet                                    cstackCOMRAM 000002
?_TMR1_CounterGet                                    cstackCOMRAM 000002
?_TMR3_CounterGet                                    cstackCOMRAM 000002
?_TMR5_CounterGet                                    cstackCOMRAM 000002
?_printf                                             cstackBANK1  000134
?_vfprintf                                           cstackBANK1  00012E
CCP2_ArmOneShot@c                                    cstackBANK1  000122
CCP2_ArmOneShot@ticks                                cstackBANK1  000120
EUSART1_FramingErrorCallbackRegister@callbackHandler cstackBANK0  0000F8
EUSART1_OverrunErrorCallbackRegister@callbackHandler cstackBANK0  0000F8
EUSART1_Read@readValue                               cstackCOMRAM 000003
EUSART1_Read@tempRxTail                              cstackCOMRAM 000002
EUSART1_ReceiveISR@regValue                          cstackCOMRAM 000018
EUSART1_ReceiveISR@tempRxHead                        cstackCOMRAM 000019
EUSART1_RxCompleteCallbackRegister@callbackHandler   cstackBANK0  0000F8
EUSART1_TransmitISR@tempTxTail                       cstackCOMRAM 000002
EUSART1_Write@tempTxHead                             cstackBANK0  0000F9
EUSART1_Write@txData                                 cstackBANK0  0000F8
INT0_SetInterruptHandler@InterruptHandler            cstackBANK0  0000F8
INT1_SetInterruptHandler@InterruptHandler            cstackBANK0  0000F8
INT2_SetInterruptHandler@InterruptHandler            cstackBANK0  0000F8
IO_RC1_ISR@dummy                                     cstackCOMRAM 00000E
IO_RC1_ISR@now                                       cstackCOMRAM 00000F
IO_RC1_SetInterruptHandler@InterruptHandler          cstackBANK0  0000F8
TMR0_CounterGet@counterHighByte                      cstackCOMRAM 00000B
TMR0_CounterGet@counterLowByte                       cstackCOMRAM 00000A
TMR0_CounterGet@counterValue                         cstackCOMRAM 000008
TMR0_CounterSet@counterValue                         cstackBANK0  0000F8
TMR0_OverflowCallbackRegister@callbackHandler        cstackBANK0  0000F8
TMR1_CounterGet@readVal                              cstackCOMRAM 000008
TMR1_CounterGet@readValHigh                          cstackCOMRAM 00000A
TMR1_CounterGet@readValLow                           cstackCOMRAM 00000B
TMR1_CounterSet@onState                              cstackBANK0  0000FC
TMR1_CounterSet@timerVal                             cstackBANK0  0000F8
TMR1_OverflowCallbackRegister@CallbackHandler        cstackBANK0  0000F8
TMR3_CounterGet@readVal                              cstackCOMRAM 000008
TMR3_CounterGet@readValHigh                          cstackCOMRAM 00000A
TMR3_CounterGet@readValLow                           cstackCOMRAM 00000B
TMR3_CounterSet@onState                              cstackBANK0  0000FC
TMR3_CounterSet@timerVal                             cstackBANK0  0000F8
TMR3_OverflowCallbackRegister@CallbackHandler        cstackBANK0  0000F8
TMR5_CounterGet@readVal                              cstackCOMRAM 000008
TMR5_CounterGet@readValHigh                          cstackCOMRAM 00000A
TMR5_CounterGet@readValLow                           cstackCOMRAM 00000B
TMR5_CounterSet@onState                              cstackBANK0  0000FC
TMR5_CounterSet@timerVal                             cstackBANK0  0000F8
TMR5_OverflowCallbackRegister@CallbackHandler        cstackBANK0  0000F8
UART_ProcessCommand@b                                cstackCOMRAM 000016
UART_ProcessCommand@cmd6                             cstackCOMRAM 000017
UART_SendBinary@i                                    cstackCOMRAM 000012
UART_SendBinary@i_2656                               cstackCOMRAM 000014
UART_SendBinary@is_uint16                            cstackCOMRAM 000007
UART_SendBinary@text                                 cstackCOMRAM 000004
UART_SendBinary@val                                  cstackCOMRAM 00000B
UART_SendBinary@val_2655                             cstackCOMRAM 000011
UART_SendBinary@value                                cstackCOMRAM 000006
_ANSELA                                              (abs)        000F0C
_ANSELB                                              (abs)        000F14
_ANSELC                                              (abs)        000F1C
_ANSELD                                              (abs)        000F21
_ANSELE                                              (abs)        000F29
_BAUD1CON                                            (abs)        000F9E
_BAUD1CONbits                                        (abs)        000F9E
_CCP2CON                                             (abs)        000FA7
_CCP2CONbits                                         (abs)        000FA7
_CCP2_ArmOneShot                                     text14       0113CE
_CCP2_CompareISR                                     text83       01177E
_CCP2_Initialize                                     text49       0120F2
_CCPR2H                                              (abs)        000FA6
_CCPR2L                                              (abs)        000FA5
_CCPTMRSbits                                         (abs)        000FAD
_CLOCK_Initialize                                    text48       01214A
_CM1CON0                                             (abs)        000F34
_CM1CON0bits                                         (abs)        000F34
_CM1CON1                                             (abs)        000F35
_CM1NCH                                              (abs)        000F36
_CM1PCH                                              (abs)        000F37
_CMP1_ISR                                            text82       01223C
_CMP1_Initialize                                     text47       0120D4
_CMP1_InterruptHandler                               bssBANK0     0000CD
_DAC1CON0                                            (abs)        000F2E
_DAC1CON1                                            (abs)        000F2F
_DAC1_Initialize                                     text46       01224A
_DesiredSystemState                                  bssCOMRAM    000041
_EUSART1_AutoBaudQuery                               (abs)        000000
_EUSART1_AutoBaudSet                                 (abs)        000000
_EUSART1_DefaultFramingErrorCallback                 text81       0122A4
_EUSART1_DefaultOverrunErrorCallback                 text80       012270
_EUSART1_Deinitialize                                (abs)        000000
_EUSART1_ErrorGet                                    (abs)        000000
_EUSART1_FramingErrorCallbackRegister                text45       011FE2
_EUSART1_FramingErrorHandler                         bssBANK0     0000BB
_EUSART1_Initialize                                  text43       01170A
_EUSART1_IsRxReady                                   (abs)        000000
_EUSART1_IsTxDone                                    (abs)        000000
_EUSART1_IsTxReady                                   text8        01210A
_EUSART1_OverrunErrorCallbackRegister                text44       011FBE
_EUSART1_OverrunErrorHandler                         bssBANK0     0000B8
_EUSART1_Read                                        text79       011F40
_EUSART1_ReceiveISR                                  text70       0110E8
_EUSART1_RxCompleteCallbackRegister                  text50       012006
_EUSART1_RxCompleteInterruptHandler                  bssBANK0     0000BE
_EUSART1_RxInterruptHandler                          nvBANK0      0000EF
_EUSART1_TransmitDisable                             (abs)        000000
_EUSART1_TransmitEnable                              (abs)        000000
_EUSART1_TransmitISR                                 text69       011F0E
_EUSART1_TxCompleteCallbackRegister                  (abs)        000000
_EUSART1_TxCompleteInterruptHandler                  bssBANK0     0000C1
_EUSART1_TxInterruptHandler                          nvBANK0      0000F2
_EUSART1_Write                                       text7        01199A
_EUSART1_Write$intlevel0                             text7        0119A4
_FVRCON                                              (abs)        000F2C
_FVRCONbits                                          (abs)        000F2C
_FVR_Initialize                                      text42       012260
_INLVLA                                              (abs)        000F08
_INLVLB                                              (abs)        000F10
_INLVLC                                              (abs)        000F18
_INLVLD                                              (abs)        000F1D
_INLVLE                                              (abs)        000F25
_INT0_DefaultInterruptHandler                        (abs)        000000
_INT0_InterruptHandler                               bssBANK0     0000CA
_INT0_SetInterruptHandler                            text41       01222E
_INT1_DefaultInterruptHandler                        (abs)        000000
_INT1_InterruptHandler                               bssBANK0     0000C7
_INT1_SetInterruptHandler                            text40       012220
_INT2_DefaultInterruptHandler                        (abs)        000000
_INT2_InterruptHandler                               bssBANK0     0000C4
_INT2_SetInterruptHandler                            text39       012212
_INTCONbits                                          (abs)        000FF2
_INTERRUPT_Initialize                                text38       011B2E
_INTERRUPT_InterruptManager                          intcode      000008
_IOCAF                                               (abs)        000F05
_IOCAN                                               (abs)        000F06
_IOCAP                                               (abs)        000F07
_IOCBF                                               (abs)        000F0D
_IOCBN                                               (abs)        000F0E
_IOCBP                                               (abs)        000F0F
_IOCCF                                               (abs)        000F15
_IOCCFbits                                           (abs)        000F15
_IOCCN                                               (abs)        000F16
_IOCCP                                               (abs)        000F17
_IOCEF                                               (abs)        000F22
_IOCEN                                               (abs)        000F23
_IOCEP                                               (abs)        000F24
_IOC_counter                                         bssCOMRAM    000040
_IOC_counter_last_check                              bssCOMRAM    00003F
_IOC_flag                                            bssCOMRAM    00003E
_IO_RC1_DefaultInterruptHandler                      (abs)        000000
_IO_RC1_ISR                                          text64       011860
_IO_RC1_InterruptHandler                             nvBANK0      0000F5
_IO_RC1_SetInterruptHandler                          text37       012204
_InputCommand                                        bssCOMRAM    000033
_LATA                                                (abs)        000F82
_LATAbits                                            (abs)        000F82
_LATB                                                (abs)        000F83
_LATC                                                (abs)        000F84
_LATCbits                                            (abs)        000F84
_LATD                                                (abs)        000F85
_LATDbits                                            (abs)        000F85
_LATE                                                (abs)        000F86
_LastCommand                                         bssCOMRAM    000032
_ODCONA                                              (abs)        000F0A
_ODCONB                                              (abs)        000F12
_ODCONC                                              (abs)        000F1A
_ODCOND                                              (abs)        000F1F
_ODCONE                                              (abs)        000F27
_OSCCON1                                             (abs)        000ED3
_OSCCON3                                             (abs)        000ED5
_OSCEN                                               (abs)        000ED7
_OSCFRQ                                              (abs)        000ED9
_OSCTUNE                                             (abs)        000ED8
_PIE0bits                                            (abs)        000EBD
_PIE2bits                                            (abs)        000EBF
_PIE3bits                                            (abs)        000EC0
_PIE4bits                                            (abs)        000EC1
_PIE5bits                                            (abs)        000EC2
_PIE6bits                                            (abs)        000EC3
_PIN_MANAGER_IOC                                     text63       012120
_PIN_MANAGER_Initialize                              text36       011568
_PIR0bits                                            (abs)        000EC5
_PIR2bits                                            (abs)        000EC7
_PIR3bits                                            (abs)        000EC8
_PIR4bits                                            (abs)        000EC9
_PIR5bits                                            (abs)        000ECA
_PIR6bits                                            (abs)        000ECB
_PORTC                                               (abs)        000F8E
_RC1REG                                              (abs)        000F98
_RC1STA                                              (abs)        000F9C
_RC1STAbits                                          (abs)        000F9C
_RC6PPS                                              (abs)        000EF8
_RX1PPS                                              (abs)        000EB0
_SLRCONA                                             (abs)        000F09
_SLRCONB                                             (abs)        000F11
_SLRCONC                                             (abs)        000F19
_SLRCOND                                             (abs)        000F1E
_SLRCONE                                             (abs)        000F26
_SP1BRGH                                             (abs)        000F9B
_SP1BRGL                                             (abs)        000F9A
_SYSTEM_Initialize                                   text31       011E78
_SystemState                                         bssCOMRAM    000042
_T0CON0                                              (abs)        000FD4
_T0CON0bits                                          (abs)        000FD4
_T0CON1                                              (abs)        000FD5
_T1CLK                                               (abs)        000FD1
_T1CON                                               (abs)        000FCE
_T1CONbits                                           (abs)        000FCE
_T1GATE                                              (abs)        000FD0
_T1GCON                                              (abs)        000FCF
_T3CLK                                               (abs)        000FCB
_T3CON                                               (abs)        000FC8
_T3CONbits                                           (abs)        000FC8
_T3GATE                                              (abs)        000FCA
_T3GCON                                              (abs)        000FC9
_T5CLK                                               (abs)        000FC5
_T5CON                                               (abs)        000FC2
_T5CONbits                                           (abs)        000FC2
_T5GATE                                              (abs)        000FC4
_T5GCON                                              (abs)        000FC3
_TMR0H                                               (abs)        000FD3
_TMR0L                                               (abs)        000FD2
_TMR0_CounterGet                                     text67       012090
_TMR0_CounterSet                                     text25       012136
_TMR0_CounterSet$intlevel0                           text25       012140
_TMR0_DefaultOverflowCallback                        text57       0122A0
_TMR0_Deinitialize                                   (abs)        000000
_TMR0_ISR                                            text62       011D62
_TMR0_Initialize                                     text35       011EDC
_TMR0_MaxCountGet                                    (abs)        000000
_TMR0_OverflowCallback                               nvBANK0      0000EC
_TMR0_OverflowCallbackRegister                       text29       0121E8
_TMR0_PeriodGet                                      (abs)        000000
_TMR0_PeriodSet                                      (abs)        000000
_TMR0_Start                                          text21       0121B0
_TMR0_Start$intlevel0                                text21       0121BA
_TMR0_Stop                                           text17       012178
_TMR0_Stop$intlevel0                                 text17       012182
_TMR1H                                               (abs)        000FCD
_TMR1L                                               (abs)        000FCC
_TMR1_CounterGet                                     text66       01206E
_TMR1_CounterSet                                     text24       011A8E
_TMR1_CounterSet$intlevel0                           text24       011A98
_TMR1_DefaultOverflowCallback                        text55       01229E
_TMR1_Deinitialize                                   (abs)        000000
_TMR1_Initialize                                     text34       011EAA
_TMR1_MaxCountGet                                    (abs)        000000
_TMR1_OverflowCallback                               nvBANK0      0000E9
_TMR1_OverflowCallbackRegister                       text28       0121DA
_TMR1_OverflowISR                                    text61       011C0A
_TMR1_PeriodGet                                      (abs)        000000
_TMR1_PeriodSet                                      (abs)        000000
_TMR1_Start                                          text20       0121A2
_TMR1_Start$intlevel0                                text20       0121AC
_TMR1_Stop                                           text16       01216A
_TMR1_Stop$intlevel0                                 text16       012174
_TMR3H                                               (abs)        000FC7
_TMR3L                                               (abs)        000FC6
_TMR3_CounterGet                                     text65       01204C
_TMR3_CounterSet                                     text23       011A3E
_TMR3_CounterSet$intlevel0                           text23       011A48
_TMR3_DefaultOverflowCallback                        text53       01229C
_TMR3_Deinitialize                                   (abs)        000000
_TMR3_Initialize                                     text33       011E0E
_TMR3_MaxCountGet                                    (abs)        000000
_TMR3_OverflowCallback                               nvBANK0      0000E6
_TMR3_OverflowCallbackRegister                       text27       0121CC
_TMR3_OverflowISR                                    text60       011BC2
_TMR3_PeriodGet                                      (abs)        000000
_TMR3_PeriodSet                                      (abs)        000000
_TMR3_Start                                          text19       012194
_TMR3_Start$intlevel0                                text19       01219E
_TMR3_Stop                                           text15       01215C
_TMR3_Stop$intlevel0                                 text15       012166
_TMR5H                                               (abs)        000FC1
_TMR5L                                               (abs)        000FC0
_TMR5_CounterGet                                     text68       0120B2
_TMR5_CounterSet                                     text26       011ADE
_TMR5_CounterSet$intlevel0                           text26       011AE8
_TMR5_DefaultOverflowCallback                        text59       0122A2
_TMR5_Deinitialize                                   (abs)        000000
_TMR5_Initialize                                     text32       011DA0
_TMR5_MaxCountGet                                    (abs)        000000
_TMR5_OverflowCallback                               nvBANK0      0000E3
_TMR5_OverflowCallbackRegister                       text30       0121F6
_TMR5_OverflowISR                                    text52       011B7A
_TMR5_PeriodGet                                      (abs)        000000
_TMR5_PeriodSet                                      (abs)        000000
_TMR5_Start                                          text22       0121BE
_TMR5_Start$intlevel0                                text22       0121C8
_TMR5_Stop                                           text18       012186
_TMR5_Stop$intlevel0                                 text18       012190
_TRISA                                               (abs)        000F87
_TRISB                                               (abs)        000F88
_TRISC                                               (abs)        000F89
_TRISD                                               (abs)        000F8A
_TRISE                                               (abs)        000F8B
_TX1REG                                              (abs)        000F99
_TX1STA                                              (abs)        000F9D
_TX1STAbits                                          (abs)        000F9D
_Timer0                                              mediumconst  00FFA9
_Timer0_last_counter                                 bssBANK0     0000D6
_Timer1                                              mediumconst  00FF88
_Timer3                                              mediumconst  00FF67
_Timer5                                              mediumconst  00FF46
_UART                                                mediumconst  00FEFB
_UART_ProcessCommand                                 text71       0112FC
_UART_SendBinary                                     text77       010C46
_UART_SendBinary$2654                                cstackCOMRAM 00000D
_UART_SendBinary$2657                                cstackCOMRAM 00000F
_WPUA                                                (abs)        000F0B
_WPUB                                                (abs)        000F13
_WPUC                                                (abs)        000F1B
_WPUD                                                (abs)        000F20
_WPUE                                                (abs)        000F28
_ZCD_Handler                                         text9        010FDA
__HRAM                                               (abs)        000000
__H__absolute__                                      __absolute__ 000000
__Habs1                                              abs1         000000
__Hbank0                                             bank0        000000
__Hbank1                                             bank1        000000
__Hbank10                                            bank10       000000
__Hbank11                                            bank11       000000
__Hbank12                                            bank12       000000
__Hbank14                                            bank14       000000
__Hbank2                                             bank2        000000
__Hbank3                                             bank3        000000
__Hbank4                                             bank4        000000
__Hbank5                                             bank5        000000
__Hbank6                                             bank6        000000
__Hbank7                                             bank7        000000
__Hbank8                                             bank8        000000
__Hbank9                                             bank9        000000
__Hbigbss                                            bigbss       000000
__Hbigdata                                           bigdata      000000
__Hbigram                                            bigram       000000
__Hbigsfr                                            bigsfr       000000
__Hbss                                               bss          000000
__HbssBANK0                                          bssBANK0     000000
__HbssBANK1                                          bssBANK1     000000
__HbssCOMRAM                                         bssCOMRAM    000000
__Hcinit                                             cinit        000000
__Hclrtext                                           clrtext      000000
__Hcomram                                            comram       000000
__Hconfig                                            config       30000C
__Hconst                                             const        000000
__HcstackBANK0                                       cstackBANK0  000000
__HcstackBANK1                                       cstackBANK1  000000
__HcstackCOMRAM                                      cstackCOMRAM 000000
__Hdata                                              data         000000
__HdataBANK0                                         dataBANK0    000000
__HdataCOMRAM                                        dataCOMRAM   000000
__Heeprom_data                                       eeprom_data  000000
__Hfarbss                                            farbss       000000
__Hfardata                                           fardata      000000
__Hheap                                              heap         000000
__Hibigdata                                          ibigdata     000000
__Hidata                                             idata        000000
__HidataBANK0                                        idataBANK0   000000
__HidataCOMRAM                                       idataCOMRAM  000000
__Hidloc                                             idloc        000000
__Hifardata                                          ifardata     000000
__Hinit                                              init         0001E2
__Hintcode                                           intcode      0001DE
__Hintcode_body                                      intcode_body 000000
__Hintcodelo                                         intcodelo    000018
__Hintentry                                          intentry     000000
__Hintret                                            intret       000000
__Hintsave_regs                                      intsave_regs 000000
__Hirdata                                            irdata       000000
__Hmediumconst                                       mediumconst  010000
__HnvBANK0                                           nvBANK0      000000
__HnvFARRAM                                          nvFARRAM     000000
__Hnvbit                                             nvbit        000000
__Hnvrram                                            nvrram       000000
__Hparam                                             rparam       000000
__Hpowerup                                           powerup      000000
__Hram                                               ram          000000
__Hramtop                                            ramtop       001000
__Hrbit                                              rbit         000000
__Hrbss                                              rbss         000000
__Hrdata                                             rdata        000000
__Hreset_vec                                         reset_vec    000004
__Hrparam                                            rparam       000000
__Hsfr                                               sfr          000000
__Hsivt_hi                                           sivt_hi      000000
__Hsivt_lo                                           sivt_lo      000018
__Hsmallconst                                        smallconst   000000
__Hspace_0                                           (abs)        0122A6
__Hspace_1                                           (abs)        00013A
__Hspace_2                                           (abs)        000000
__Hspace_4                                           (abs)        60000C
__Hstack                                             stack        000000
__Hstruct                                            struct       000000
__Htemp                                              temp         000000
__Htext                                              text         000000
__Htext0                                             text0        000000
__Htext1                                             text1        000000
__Htext10                                            text10       000000
__Htext11                                            text11       000000
__Htext12                                            text12       000000
__Htext13                                            text13       000000
__Htext14                                            text14       000000
__Htext15                                            text15       000000
__Htext16                                            text16       000000
__Htext17                                            text17       000000
__Htext18                                            text18       000000
__Htext19                                            text19       000000
__Htext2                                             text2        000000
__Htext20                                            text20       000000
__Htext21                                            text21       000000
__Htext22                                            text22       000000
__Htext23                                            text23       000000
__Htext24                                            text24       000000
__Htext25                                            text25       000000
__Htext26                                            text26       000000
__Htext27                                            text27       000000
__Htext28                                            text28       000000
__Htext29                                            text29       000000
__Htext3                                             text3        000000
__Htext30                                            text30       000000
__Htext31                                            text31       000000
__Htext32                                            text32       000000
__Htext33                                            text33       000000
__Htext34                                            text34       000000
__Htext35                                            text35       000000
__Htext36                                            text36       000000
__Htext37                                            text37       000000
__Htext38                                            text38       000000
__Htext39                                            text39       000000
__Htext4                                             text4        000000
__Htext40                                            text40       000000
__Htext41                                            text41       000000
__Htext42                                            text42       000000
__Htext43                                            text43       000000
__Htext44                                            text44       000000
__Htext45                                            text45       000000
__Htext46                                            text46       000000
__Htext47                                            text47       000000
__Htext48                                            text48       000000
__Htext49                                            text49       000000
__Htext5                                             text5        000000
__Htext50                                            text50       000000
__Htext52                                            text52       000000
__Htext53                                            text53       000000
__Htext54                                            text54       000000
__Htext55                                            text55       000000
__Htext56                                            text56       000000
__Htext57                                            text57       000000
__Htext58                                            text58       000000
__Htext59                                            text59       000000
__Htext6                                             text6        000000
__Htext60                                            text60       000000
__Htext61                                            text61       000000
__Htext62                                            text62       000000
__Htext63                                            text63       000000
__Htext64                                            text64       000000
__Htext65                                            text65       000000
__Htext66                                            text66       000000
__Htext67                                            text67       000000
__Htext68                                            text68       000000
__Htext69                                            text69       000000
__Htext7                                             text7        000000
__Htext70                                            text70       000000
__Htext71                                            text71       000000
__Htext72                                            text72       000000
__Htext73                                            text73       000000
__Htext74                                            text74       000000
__Htext75                                            text75       000000
__Htext76                                            text76       000000
__Htext77                                            text77       000000
__Htext78                                            text78       000000
__Htext79                                            text79       000000
__Htext8                                             text8        000000
__Htext80                                            text80       000000
__Htext81                                            text81       000000
__Htext82                                            text82       000000
__Htext83                                            text83       000000
__Htext84                                            text84       000000
__Htext85                                            text85       000000
__Htext86                                            text86       000000
__Htext87                                            text87       000000
__Htext88                                            text88       000000
__Htext89                                            text89       000000
__Htext9                                             text9        000000
__Htext90                                            text90       000000
__Htext91                                            text91       000000
__Htext92                                            text92       000000
__Htext93                                            text93       000000
__Htext94                                            text94       000000
__Htext95                                            text95       000000
__Htext96                                            text96       000000
__LRAM                                               (abs)        000001
__L__absolute__                                      __absolute__ 000000
__Labs1                                              abs1         000000
__Lbank0                                             bank0        000000
__Lbank1                                             bank1        000000
__Lbank10                                            bank10       000000
__Lbank11                                            bank11       000000
__Lbank12                                            bank12       000000
__Lbank14                                            bank14       000000
__Lbank2                                             bank2        000000
__Lbank3                                             bank3        000000
__Lbank4                                             bank4        000000
__Lbank5                                             bank5        000000
__Lbank6                                             bank6        000000
__Lbank7                                             bank7        000000
__Lbank8                                             bank8        000000
__Lbank9                                             bank9        000000
__Lbigbss                                            bigbss       000000
__Lbigdata                                           bigdata      000000
__Lbigram                                            bigram       000000
__Lbigsfr                                            bigsfr       000000
__Lbss                                               bss          000000
__LbssBANK0                                          bssBANK0     000000
__LbssBANK1                                          bssBANK1     000000
__LbssCOMRAM                                         bssCOMRAM    000000
__Lcinit                                             cinit        000000
__Lclrtext                                           clrtext      000000
__Lcomram                                            comram       000000
__Lconfig                                            config       000000
__Lconst                                             const        000000
__LcstackBANK0                                       cstackBANK0  000000
__LcstackBANK1                                       cstackBANK1  000000
__LcstackCOMRAM                                      cstackCOMRAM 000000
__Ldata                                              data         000000
__LdataBANK0                                         dataBANK0    000000
__LdataCOMRAM                                        dataCOMRAM   000000
__Leeprom_data                                       eeprom_data  000000
__Lfarbss                                            farbss       000000
__Lfardata                                           fardata      000000
__Lheap                                              heap         000000
__Libigdata                                          ibigdata     000000
__Lidata                                             idata        000000
__LidataBANK0                                        idataBANK0   000000
__LidataCOMRAM                                       idataCOMRAM  000000
__Lidloc                                             idloc        000000
__Lifardata                                          ifardata     000000
__Linit                                              init         0001DE
__Lintcode                                           intcode      000008
__Lintcode_body                                      intcode_body 000000
__Lintcodelo                                         intcodelo    000018
__Lintentry                                          intentry     000000
__Lintret                                            intret       000000
__Lintsave_regs                                      intsave_regs 000000
__Lirdata                                            irdata       000000
__Lmediumconst                                       mediumconst  00FEFA
__LnvBANK0                                           nvBANK0      000000
__LnvFARRAM                                          nvFARRAM     000000
__Lnvbit                                             nvbit        000000
__Lnvrram                                            nvrram       000000
__Lparam                                             rparam       000000
__Lpowerup                                           powerup      000000
__Lram                                               ram          000000
__Lramtop                                            ramtop       001000
__Lrbit                                              rbit         000000
__Lrbss                                              rbss         000000
__Lrdata                                             rdata        000000
__Lreset_vec                                         reset_vec    000000
__Lrparam                                            rparam       000000
__Lsfr                                               sfr          000000
__Lsivt_hi                                           sivt_hi      000000
__Lsivt_lo                                           sivt_lo      000018
__Lsmallconst                                        smallconst   000000
__Lspace_0                                           (abs)        000000
__Lspace_1                                           (abs)        000000
__Lspace_2                                           (abs)        000000
__Lspace_4                                           (abs)        000000
__Lstack                                             stack        000000
__Lstruct                                            struct       000000
__Ltemp                                              temp         000000
__Ltext                                              text         000000
__Ltext0                                             text0        000000
__Ltext1                                             text1        000000
__Ltext10                                            text10       000000
__Ltext11                                            text11       000000
__Ltext12                                            text12       000000
__Ltext13                                            text13       000000
__Ltext14                                            text14       000000
__Ltext15                                            text15       000000
__Ltext16                                            text16       000000
__Ltext17                                            text17       000000
__Ltext18                                            text18       000000
__Ltext19                                            text19       000000
__Ltext2                                             text2        000000
__Ltext20                                            text20       000000
__Ltext21                                            text21       000000
__Ltext22                                            text22       000000
__Ltext23                                            text23       000000
__Ltext24                                            text24       000000
__Ltext25                                            text25       000000
__Ltext26                                            text26       000000
__Ltext27                                            text27       000000
__Ltext28                                            text28       000000
__Ltext29                                            text29       000000
__Ltext3                                             text3        000000
__Ltext30                                            text30       000000
__Ltext31                                            text31       000000
__Ltext32                                            text32       000000
__Ltext33                                            text33       000000
__Ltext34                                            text34       000000
__Ltext35                                            text35       000000
__Ltext36                                            text36       000000
__Ltext37                                            text37       000000
__Ltext38                                            text38       000000
__Ltext39                                            text39       000000
__Ltext4                                             text4        000000
__Ltext40                                            text40       000000
__Ltext41                                            text41       000000
__Ltext42                                            text42       000000
__Ltext43                                            text43       000000
__Ltext44                                            text44       000000
__Ltext45                                            text45       000000
__Ltext46                                            text46       000000
__Ltext47                                            text47       000000
__Ltext48                                            text48       000000
__Ltext49                                            text49       000000
__Ltext5                                             text5        000000
__Ltext50                                            text50       000000
__Ltext52                                            text52       000000
__Ltext53                                            text53       000000
__Ltext54                                            text54       000000
__Ltext55                                            text55       000000
__Ltext56                                            text56       000000
__Ltext57                                            text57       000000
__Ltext58                                            text58       000000
__Ltext59                                            text59       000000
__Ltext6                                             text6        000000
__Ltext60                                            text60       000000
__Ltext61                                            text61       000000
__Ltext62                                            text62       000000
__Ltext63                                            text63       000000
__Ltext64                                            text64       000000
__Ltext65                                            text65       000000
__Ltext66                                            text66       000000
__Ltext67                                            text67       000000
__Ltext68                                            text68       000000
__Ltext69                                            text69       000000
__Ltext7                                             text7        000000
__Ltext70                                            text70       000000
__Ltext71                                            text71       000000
__Ltext72                                            text72       000000
__Ltext73                                            text73       000000
__Ltext74                                            text74       000000
__Ltext75                                            text75       000000
__Ltext76                                            text76       000000
__Ltext77                                            text77       000000
__Ltext78                                            text78       000000
__Ltext79                                            text79       000000
__Ltext8                                             text8        000000
__Ltext80                                            text80       000000
__Ltext81                                            text81       000000
__Ltext82                                            text82       000000
__Ltext83                                            text83       000000
__Ltext84                                            text84       000000
__Ltext85                                            text85       000000
__Ltext86                                            text86       000000
__Ltext87                                            text87       000000
__Ltext88                                            text88       000000
__Ltext89                                            text89       000000
__Ltext9                                             text9        000000
__Ltext90                                            text90       000000
__Ltext91                                            text91       000000
__Ltext92                                            text92       000000
__Ltext93                                            text93       000000
__Ltext94                                            text94       000000
__Ltext95                                            text95       000000
__Ltext96                                            text96       000000
__S0                                                 (abs)        0122A6
__S1                                                 (abs)        00013A
__S4                                                 (abs)        000000
__S5                                                 (abs)        000000
___heap_hi                                           (abs)        000000
___heap_lo                                           (abs)        000000
___inthi_sp                                          stack        000000
___inthi_stack_hi                                    stack        000000
___inthi_stack_lo                                    stack        000000
___intlo_sp                                          stack        000000
___intlo_stack_hi                                    stack        000000
___intlo_stack_lo                                    stack        000000
___param_bank                                        (abs)        000000
___rparam_used                                       (abs)        000001
___sp                                                stack        000000
___stack_hi                                          stack        000000
___stack_lo                                          stack        000000
__accesstop                                          (abs)        000060
__activetblptr                                       (abs)        000003
__end_of_CCP2_ArmOneShot                             text14       01149C
__end_of_CCP2_CompareISR                             text83       0117F2
__end_of_CCP2_Initialize                             text49       01210A
__end_of_CLOCK_Initialize                            text48       01215C
__end_of_CMP1_ISR                                    text82       01224A
__end_of_CMP1_Initialize                             text47       0120F2
__end_of_DAC1_Initialize                             text46       012256
__end_of_EUSART1_DefaultFramingErrorCallback         text81       0122A6
__end_of_EUSART1_DefaultOverrunErrorCallback         text80       012276
__end_of_EUSART1_FramingErrorCallbackRegister        text45       012006
__end_of_EUSART1_Initialize                          text43       01177E
__end_of_EUSART1_IsTxReady                           text8        012120
__end_of_EUSART1_OverrunErrorCallbackRegister        text44       011FE2
__end_of_EUSART1_Read                                text79       011F72
__end_of_EUSART1_ReceiveISR                          text70       0111F4
__end_of_EUSART1_RxCompleteCallbackRegister          text50       01202A
__end_of_EUSART1_TransmitISR                         text69       011F40
__end_of_EUSART1_Write                               text7        0119EE
__end_of_FVR_Initialize                              text42       012268
__end_of_INT0_SetInterruptHandler                    text41       01223C
__end_of_INT1_SetInterruptHandler                    text40       01222E
__end_of_INT2_SetInterruptHandler                    text39       012220
__end_of_INTERRUPT_Initialize                        text38       011B7A
__end_of_INTERRUPT_InterruptManager                  intcode      0001DE
__end_of_IO_RC1_ISR                                  text64       0118CC
__end_of_IO_RC1_SetInterruptHandler                  text37       012212
__end_of_PIN_MANAGER_IOC                             text63       012136
__end_of_PIN_MANAGER_Initialize                      text36       01160A
__end_of_SYSTEM_Initialize                           text31       011EAA
__end_of_TMR0_CounterGet                             text67       0120B2
__end_of_TMR0_CounterSet                             text25       01214A
__end_of_TMR0_DefaultOverflowCallback                text57       0122A2
[...]
__ptext7                                             text7        01199A
__ptext70                                            text70       0110E8
__ptext71                                            text71       0112FC
__ptext72                                            text72       01168C
__ptext73                                            text73       01041C
__ptext74                                            text74       011E44
__ptext75                                            text75       010EC0
__ptext76                                            text76       010996
__ptext77                                            text77       010C46
__ptext78                                            text78       011C50
__ptext79                                            text79       011F40
__ptext8                                             text8        01210A
__ptext80                                            text80       012270
__ptext81                                            text81       0122A4
__ptext82                                            text82       01223C
__ptext83                                            text83       01177E
__ptext84                                            text84       012276
__ptext85                                            text85       01227A
__ptext86                                            text86       01227E
__ptext87                                            text87       012282
__ptext88                                            text88       011C96
__ptext89                                            text89       011CDA
__ptext9                                             text9        010FDA
__ptext90                                            text90       012256
__ptext91                                            text91       011D1E
__ptext92                                            text92       0111F4
__ptext93                                            text93       012286
__ptext94                                            text94       01228A
__ptext95                                            text95       01228E
__ptext96                                            text96       012292
__ramtop                                             ramtop       001000
__smallconst                                         mediumconst  00FEFA
_checkCurrentDetection                               text56       0118CC
_command                                             bssBANK0     0000DB
_controlManager                                      text10       010000
_controlMismatchDirectionSoftStart                   text13       01082E
_controlMismatchDirectionSoftStart$2693              cstackBANK1  000123
_controlMismatchDirectionSoftStart$2695              cstackBANK1  000124
_controlMismatchDirectionSoftStart$2697              cstackBANK1  000125
_controlMismatchDirectionSoftStart$2698              cstackBANK1  000126
_controlStopStartChange                              text12       010D9A
_controlStopStartChange$2686                         cstackBANK1  000123
_controlStopStartChange$2688                         cstackBANK1  000124
_controlStopStartChange$2690                         cstackBANK1  000125
_counterStep                                         dataBANK0    0000FD
_currentDetected_flag                                bssCOMRAM    000035
_current_flag                                        bssBANK0     0000D9
_debug_flag                                          bssBANK0     0000DA
_delayCounter                                        dataCOMRAM   000043
_direction                                           bssCOMRAM    000034
_enableCMP1                                          text54       012268
_errorHandler                                        text1        011F9A
_errorManager                                        text11       011DD8
_errorStates                                         bssCOMRAM    000037
_eusart1RxBuffer                                     bssBANK0     0000B0
_eusart1RxCount                                      bssCOMRAM    000038
_eusart1RxHead                                       bssCOMRAM    00003A
_eusart1RxLastError                                  bssBANK0     0000D4
_eusart1RxStatusBuffer                               bssBANK0     0000A0
_eusart1RxTail                                       bssCOMRAM    000039
_eusart1TxBuffer                                     bssBANK0     000060
_eusart1TxBufferRemaining                            bssCOMRAM    00003B
_eusart1TxHead                                       bssCOMRAM    00003D
_eusart1TxTail                                       bssCOMRAM    00003C
_flags                                               bssBANK0     0000D8
_fputc                                               text5        01149C
_index                                               bssCOMRAM    000030
_inputManager                                        text72       01168C
_main                                                text0        010AF0
_period                                              mediumconst  00FFCA
_prec                                                bssBANK0     0000D2
_prev_current                                        bssCOMRAM    000036
_printf                                              text2        011F72
_putch                                               text6        01202A
_readMessage                                         bssCOMRAM    00002F
_setTriacHigh                                        text92       0111F4
_setTriacLow                                         text58       0117F2
_softStop_over_flag                                  bssCOMRAM    000031
_statusState                                         dataCOMRAM   000045
_timer1ReloadVal                                     bssCOMRAM    000028
_timer3ReloadVal                                     bssCOMRAM    000026
_timer5ReloadVal                                     bssCOMRAM    000024
_tmr0PeriodCount                                     bssCOMRAM    00002A
_triacPulsWidth_us                                   mediumconst  00FFD2
_vfpfcnvrt                                           text4        01160A
_vfprintf                                            text3        0119EE
_vrijemeKontroleFaznogKuta                           mediumconst  00FFCE
_width                                               bssBANK0     0000D0
_zcdTriggered                                        bssCOMRAM    00002E
btemp                                                (abs)        000001
btemp0                                               (abs)        000001
btemp1                                               (abs)        000002
checkCurrentDetection@cur_flag                       cstackCOMRAM 000010
checkCurrentDetection@delta                          cstackCOMRAM 00000E
checkCurrentDetection@last_flag                      bssCOMRAM    00002C
checkCurrentDetection@prev_sample                    bssCOMRAM    00002D
checkCurrentDetection@sample                         cstackCOMRAM 00000F
controlMismatchDirectionSoftStart@in_soft_start      cstackBANK1  000122
controlMismatchDirectionSoftStart@not_same_dir       cstackBANK1  000121
controlMismatchDirectionSoftStart@running            cstackBANK1  000120
controlStopStartChange@running                       cstackBANK1  000120
controlStopStartChange@same_dir                      cstackBANK1  000121
controlStopStartChange@system_in_soft_stop           cstackBANK1  000122
end_of_initialization                                cinit        011990
fputc@c                                              cstackBANK1  000120
fputc@fp                                             cstackBANK1  000122
i2EUSART1_Write@tempTxHead                           cstackCOMRAM 000003
i2EUSART1_Write@txData                               cstackCOMRAM 000002
i2TMR0_CounterSet@counterValue                       cstackCOMRAM 000002
i2TMR1_CounterSet@onState                            cstackCOMRAM 000006
i2TMR1_CounterSet@timerVal                           cstackCOMRAM 000002
i2TMR3_CounterSet@onState                            cstackCOMRAM 000006
i2TMR3_CounterSet@timerVal                           cstackCOMRAM 000002
i2TMR5_CounterSet@onState                            cstackCOMRAM 000006
i2TMR5_CounterSet@timerVal                           cstackCOMRAM 000002
i2_EUSART1_Write                                     text78       011C50
i2_TMR0_CounterSet                                   text90       012256
i2_TMR0_Start                                        text95       01228E
i2_TMR0_Stop                                         text86       01227E
i2_TMR1_CounterSet                                   text89       011CDA
i2_TMR1_Start                                        text94       01228A
i2_TMR1_Stop                                         text85       01227A
i2_TMR3_CounterSet                                   text88       011C96
i2_TMR3_Start                                        text93       012286
i2_TMR3_Stop                                         text84       012276
i2_TMR5_CounterSet                                   text91       011D1E
i2_TMR5_Start                                        text96       012292
i2_TMR5_Stop                                         text87       012282
i2_controlManager                                    text73       01041C
i2_controlMismatchDirectionSoftStart                 text76       010996
i2_controlMismatchDirectionSoftStart$2693            cstackCOMRAM 000007
i2_controlMismatchDirectionSoftStart$2695            cstackCOMRAM 000008
i2_controlMismatchDirectionSoftStart$2697            cstackCOMRAM 000009
i2_controlMismatchDirectionSoftStart$2698            cstackCOMRAM 00000A
i2_controlStopStartChange                            text75       010EC0
i2_controlStopStartChange$2686                       cstackCOMRAM 000007
i2_controlStopStartChange$2688                       cstackCOMRAM 000008
i2_controlStopStartChange$2690                       cstackCOMRAM 000009
i2_errorManager                                      text74       011E44
i2controlMismatchDirectionSoftStart@in_soft_start    cstackCOMRAM 000006
i2controlMismatchDirectionSoftStart@not_same_dir     cstackCOMRAM 000005
i2controlMismatchDirectionSoftStart@running          cstackCOMRAM 000004
i2controlStopStartChange@running                     cstackCOMRAM 000004
i2controlStopStartChange@same_dir                    cstackCOMRAM 000005
i2controlStopStartChange@system_in_soft_stop         cstackCOMRAM 000006
int$flags                                            (abs)        000001
intlevel0                                            text         000000
intlevel1                                            text         000000
intlevel2                                            text         000000
intlevel3                                            text         000000
isa$std                                              (abs)        000001
isa$xinst                                            (abs)        000000
printf@ap                                            cstackBANK1  000136
printf@fmt                                           cstackBANK1  000134
putch@txData                                         cstackBANK0  0000FA
stackhi                                              (abs)        000000
stacklo                                              (abs)        000000
start                                                init         0001DE
start_initialization                                 cinit        011936
vfpfcnvrt@ap                                         cstackBANK1  00012C
vfpfcnvrt@fmt                                        cstackBANK1  00012B
vfpfcnvrt@fp                                         cstackBANK1  000129
vfprintf@ap                                          cstackBANK1  000132
vfprintf@cfmt                                        cstackBANK0  0000FB
vfprintf@fmt                                         cstackBANK1  000130
vfprintf@fp                                          cstackBANK1  00012E


MODULE INFORMATION

Module		Function		Class		Link	Load	Size
mcc_generated_files/compare/src/ccp2.c
		_CCP2_Initialize		CODE           	120F2	0000	24

mcc_generated_files/compare/src/ccp2.c estimated size: 24

mcc_generated_files/timer/src/tmr5.c
		_TMR5_CounterGet		CODE           	120B2	0000	34
		_TMR5_CounterSet		CODE           	11ADE	0000	80
		_TMR5_OverflowISR		CODE           	11B7A	0000	72
		_TMR5_Initialize		CODE           	11DA0	0000	56
		_TMR5_Stop     		CODE           	12186	0000	14
		_TMR5_Start    		CODE           	121BE	0000	14
		_TMR5_OverflowCallbackRegister		CODE           	121F6	0000	14
		_TMR5_DefaultOverflowCallback		CODE           	122A2	0000	2

mcc_generated_files/timer/src/tmr5.c estimated size: 286

mcc_generated_files/timer/src/tmr3.c
		_TMR3_OverflowISR		CODE           	11BC2	0000	72
		_TMR3_Initialize		CODE           	11E0E	0000	54
		_TMR3_Stop     		CODE           	1215C	0000	14
		_TMR3_Start    		CODE           	12194	0000	14
		_TMR3_OverflowCallbackRegister		CODE           	121CC	0000	14
		_TMR3_DefaultOverflowCallback		CODE           	1229C	0000	2
		_TMR3_CounterGet		CODE           	1204C	0000	34
		_TMR3_CounterSet		CODE           	11A3E	0000	80

mcc_generated_files/timer/src/tmr3.c estimated size: 284

mcc_generated_files/timer/src/tmr1.c
		_TMR1_Initialize		CODE           	11EAA	0000	50
		_TMR1_Stop     		CODE           	1216A	0000	14
		_TMR1_Start    		CODE           	121A2	0000	14
		_TMR1_OverflowCallbackRegister		CODE           	121DA	0000	14
		_TMR1_DefaultOverflowCallback		CODE           	1229E	0000	2
		_TMR1_CounterGet		CODE           	1206E	0000	34
		_TMR1_CounterSet		CODE           	11A8E	0000	80
		_TMR1_OverflowISR		CODE           	11C0A	0000	70

mcc_generated_files/timer/src/tmr1.c estimated size: 278

mcc_generated_files/system/src/interrupt.c
		_INT0_SetInterruptHandler		CODE           	1222E	0000	14
		_INT1_SetInterruptHandler		CODE           	12220	0000	14
		_INT2_SetInterruptHandler		CODE           	12212	0000	14
		_INTERRUPT_Initialize		CODE           	11B2E	0000	76
		_INTERRUPT_InterruptManager		CODE           	0008	0000	470

mcc_generated_files/system/src/interrupt.c estimated size: 588

C:\Program Files\Microchip\xc8\v3.10\pic\sources\c99\common\printf.c
		_printf        		CODE           	11F72	0000	40

C:\Program Files\Microchip\xc8\v3.10\pic\sources\c99\common\printf.c estimated size: 40

mcc_generated_files/comparator/src/cmp1.c
		_CMP1_Initialize		CODE           	120D4	0000	30

mcc_generated_files/comparator/src/cmp1.c estimated size: 30

mcc_generated_files/system/src/pins.c
		_PIN_MANAGER_Initialize		CODE           	11568	0000	162
		_IO_RC1_ISR    		CODE           	11860	0000	108
		_PIN_MANAGER_IOC		CODE           	12120	0000	22
		_IO_RC1_SetInterruptHandler		CODE           	12204	0000	14

mcc_generated_files/system/src/pins.c estimated size: 306

mcc_generated_files/dac/src/dac1.c
		_DAC1_Initialize		CODE           	1224A	0000	12

mcc_generated_files/dac/src/dac1.c estimated size: 12

shared
		i2_TMR3_Start  		CODE           	12286	0000	4
		_Timer1        		MEDIUMCONST    	FF88	0000	33
		_triacPulsWidth_us		MEDIUMCONST    	FFD2	0000	2
		_UART          		MEDIUMCONST    	FEFB	0000	75
		i2_TMR0_CounterSet		CODE           	12256	0000	10
		i2_TMR3_CounterSet		CODE           	11C96	0000	68
		i2_TMR1_Stop   		CODE           	1227A	0000	4
		i2_TMR1_Start  		CODE           	1228A	0000	4
		i2_errorManager		CODE           	11E44	0000	52
		_Timer5        		MEDIUMCONST    	FF46	0000	33
		__initialization		CODE           	11936	0000	90
		i2_TMR1_CounterSet		CODE           	11CDA	0000	68
		i2_EUSART1_Write		CODE           	11C50	0000	70
		i2_controlMismatchDirectionSoftStart		CODE           	10996	0000	346
		i2_TMR5_Stop   		CODE           	12282	0000	4
		_vrijemeKontroleFaznogKuta		MEDIUMCONST    	FFCE	0000	4
		i2_TMR5_Start  		CODE           	12292	0000	4
		_Timer0        		MEDIUMCONST    	FFA9	0000	33
		_Timer3        		MEDIUMCONST    	FF67	0000	33
		i2_controlStopStartChange		CODE           	10EC0	0000	282
		_period        		MEDIUMCONST    	FFCA	0000	4
		i2_controlManager		CODE           	1041C	0000	1042
		i2_TMR5_CounterSet		CODE           	11D1E	0000	68
		i2_TMR0_Stop   		CODE           	1227E	0000	4
		i2_TMR3_Stop   		CODE           	12276	0000	4
		i2_TMR0_Start  		CODE           	1228E	0000	4

shared estimated size: 2345

C:\Program Files\Microchip\xc8\v3.10\pic\sources\c99\common\nf_fputc.c
		_fputc         		CODE           	1149C	0000	204

C:\Program Files\Microchip\xc8\v3.10\pic\sources\c99\common\nf_fputc.c estimated size: 204

mcc_generated_files/system/src/clock.c
		_CLOCK_Initialize		CODE           	1214A	0000	18

mcc_generated_files/system/src/clock.c estimated size: 18

mcc_generated_files/timer/src/tmr0.c
		_TMR0_OverflowCallbackRegister		CODE           	121E8	0000	14
		_TMR0_DefaultOverflowCallback		CODE           	122A0	0000	2
		_TMR0_CounterGet		CODE           	12090	0000	34
		_TMR0_CounterSet		CODE           	12136	0000	20
		_TMR0_ISR      		CODE           	11D62	0000	62
		_TMR0_Initialize		CODE           	11EDC	0000	50
		_TMR0_Stop     		CODE           	12178	0000	14
		_TMR0_Start    		CODE           	121B0	0000	14

mcc_generated_files/timer/src/tmr0.c estimated size: 210

C:\Program Files\Microchip\xc8\v3.10\pic\sources\c99\common\doprnt.c
		_vfpfcnvrt     		CODE           	1160A	0000	130
		_vfprintf      		CODE           	119EE	0000	80

C:\Program Files\Microchip\xc8\v3.10\pic\sources\c99\common\doprnt.c estimated size: 210

main.c
		_ZCD_Handler   		CODE           	10FDA	0000	270
		_UART_SendBinary		CODE           	10C46	0000	340
		_CCP2_CompareISR		CODE           	1177E	0000	116
		_setTriacLow   		CODE           	117F2	0000	110
		_setTriacHigh  		CODE           	111F4	0000	264
		_errorHandler  		CODE           	11F9A	0000	36
		_UART_ProcessCommand		CODE           	112FC	0000	210
		_main          		CODE           	10AF0	0000	342
		_controlMismatchDirectionSoftStart		CODE           	1082E	0000	360
		_enableCMP1    		CODE           	12268	0000	8
		_controlStopStartChange		CODE           	10D9A	0000	294
		_controlManager		CODE           	10000	0000	1052
		_CMP1_ISR      		CODE           	1223C	0000	14
		_inputManager  		CODE           	1168C	0000	126
		_CCP2_ArmOneShot		CODE           	113CE	0000	206
		_checkCurrentDetection		CODE           	118CC	0000	106
		_errorManager  		CODE           	11DD8	0000	54

main.c estimated size: 3908

mcc_generated_files/fvr/src/fvr.c
		_FVR_Initialize		CODE           	12260	0000	8

mcc_generated_files/fvr/src/fvr.c estimated size: 8

mcc_generated_files/uart/src/eusart1.c
		_EUSART1_Initialize		CODE           	1170A	0000	116
		_EUSART1_ReceiveISR		CODE           	110E8	0000	268
		_EUSART1_RxCompleteCallbackRegister		CODE           	12006	0000	36
		_putch         		CODE           	1202A	0000	34
		_EUSART1_DefaultFramingErrorCallback		CODE           	122A4	0000	2
		_EUSART1_Read  		CODE           	11F40	0000	50
		_EUSART1_Write 		CODE           	1199A	0000	84
		_EUSART1_TransmitISR		CODE           	11F0E	0000	50
		_EUSART1_FramingErrorCallbackRegister		CODE           	11FE2	0000	36
		_EUSART1_IsTxReady		CODE           	1210A	0000	22
		_EUSART1_OverrunErrorCallbackRegister		CODE           	11FBE	0000	36
		_EUSART1_DefaultOverrunErrorCallback		CODE           	12270	0000	6

mcc_generated_files/uart/src/eusart1.c estimated size: 740

mcc_generated_files/system/src/system.c
		_SYSTEM_Initialize		CODE           	11E78	0000	50

mcc_generated_files/system/src/system.c estimated size: 50

