Microchip MPLAB XC8 Compiler V3.10

Linker command line:

-W-3 \
  --edf=C:\Program Files\Microchip\xc8\v3.10\pic\dat\20250813170317_en.msgs \
  -cn -h+dist/default/production\Diplomski_rad.X.production.sym \
  --cmf=dist/default/production\Diplomski_rad.X.production.cmf -z \
  -Q18F47Q10 -oC:\Users\jazzg\AppData\Local\Temp\xcAs5e0.0\driver_tmp_3.o \
  --defsym=__MPLAB_BUILD=1 --fixupoverflow=error \
  -Mdist/default/production/Diplomski_rad.X.production.map \
  --md=C:\Users\jazzg\AppData\Local\Temp\xcAs5e0.0\driver_tmp_0.dat -E1 \
  -ver=XC8 Compiler -ACODE=00h-01FFFFh -ACONST=00h-01FFFFh \
  -ASMALLCONST=01000h-010FFhx240,011000h-0110FFhx240 \
  -AMEDIUMCONST=01000h-0FFFFh,011000h-01FFFFh -ACOMRAM=01h-05Fh \
  -AABS1=00h-0CFFh,0E00h-0E1Eh -ABIGRAM=01h-0CFFh,0E00h-0E1Eh \
  -ARAM=060h-0FFh,0100h-01FFhx12,0E00h-0E1Eh -ABANK0=060h-0FFh \
  -ABANK1=0100h-01FFh -ABANK2=0200h-02FFh -ABANK3=0300h-03FFh \
  -ABANK4=0400h-04FFh -ABANK5=0500h-05FFh -ABANK6=0600h-06FFh \
  -ABANK7=0700h-07FFh -ABANK8=0800h-08FFh -ABANK9=0900h-09FFh \
  -ABANK10=0A00h-0AFFh -ABANK11=0B00h-0BFFh -ABANK12=0C00h-0CFFh \
  -ABANK14=0E00h-0E1Eh \
  -ASFR=0D00h-0DFFh,0E1Fh-0EFFh,0F00h-0F5Fh,0F60h-0FFFh \
  -ABIGSFR=0D00h-0DFFh,0E1Fh-0FFFh -ACONFIG=0300000h-030000Bh \
  -AIDLOC=0200000h-02000FFh -AEEDATA=0310000h-03103FFh -peeprom_data=EEDATA \
  -preset_vec=00h,intcode=8h,intcodelo=18h,sivt_lo,sivt_hi=CODE \
  -ppowerup=CODE,init -pramtop=01000h -psmallconst=SMALLCONST \
  -pmediumconst=MEDIUMCONST -pconst=CONST -AFARRAM=00h-00h \
  -prdata=COMRAM,nvrram=COMRAM,nvbit=COMRAM,rbss=COMRAM,rbit=COMRAM \
  -pfarbss=FARRAM,fardata=FARRAM,nvFARRAM=FARRAM \
  -pintsave_regs=BIGRAM,bigbss=BIGRAM,bigdata=BIGRAM -pbss=RAM \
  -pidata=CODE,irdata=CODE,ibigdata=CODE,ifardata=CODE -prparam=COMRAM \
  C:\Users\jazzg\AppData\Local\Temp\xcAs5e0.0\driver_tmp_14.o \
  dist/default/production\Diplomski_rad.X.production.o 

Object code version is 3.11

Machine type is 18F47Q10



                Name                               Link     Load   Length Selector   Space Scale
C:\Users\jazzg\AppData\Local\Temp\xcAs5e0.0\driver_tmp_14.o
                config                           300000   300000        C        0       4
                init                                1DE      1DE        4        4       0
                reset_vec                             0        0        4        0       0
dist/default/production\Diplomski_rad.X.production.o
                intcode                               8        8      1D6        4       0
                config                           300000   300000        C        0       4
                mediumconst                        FEFA     FEFA      106     7F7D       0
                text99                            12392    12392        4     8000       0
                text98                            1238E    1238E        4     8000       0
                text97                            1238A    1238A        4     8000       0
                text96                            12386    12386        4     8000       0
                text95                            1108C    1108C      108     8000       0
                text94                            11E30    11E30       44     8000       0
                text93                            12356    12356        A     8000       0
                text92                            11DEC    11DEC       44     8000       0
                text91                            11DA8    11DA8       44     8000       0
                text90                            12382    12382        4     8000       0
                text89                            1237E    1237E        4     8000       0
                text88                            1237A    1237A        4     8000       0
                text87                            12376    12376        4     8000       0
                text86                            117E6    117E6       74     8000       0
                text85                            1233C    1233C        E     8000       0
                text84                            123A4    123A4        2     91CE       0
                text83                            12370    12370        6     8000       0
                text82                            12050    12050       32     8000       0
                text81                            1098A    1098A      15A     8000       0
                text80                            10D52    10D52      11A     8000       0
                text79                            11F54    11F54       34     8000       0
                text78                            1041C    1041C      412     8000       0
                text77                            11D62    11D62       46     8000       0
                text76                            11A0A    11A0A       5E     8000       0
                text75                            1166E    1166E       84     8000       0
                text74                            1151E    1151E       B0     8000       0
                text73                            10F80    10F80      10C     8000       0
                text72                            1201E    1201E       32     8000       0
                text71                            12172    12172       22     8000       0
                text70                            12150    12150       22     8000       0
                text69                            1212E    1212E       22     8000       0
                text68                            1210C    1210C       22     8000       0
                text67                            1193A    1193A       6A     8000       0
                text66                            12220    12220       16     8000       0
                text65                            1128C    1128C       F8     8000       0
                text64                            11E74    11E74       3E     8000       0
                text63                            11D1C    11D1C       46     8000       0
                text62                            11C8E    11C8E       48     8000       0
                text61                            123A2    123A2        2     91CE       0
                text60                            118CC    118CC       6E     8000       0
                text59                            123A0    123A0        2     91CE       0
                text58                            11772    11772       74     8000       0
                text57                            1239E    1239E        2     91CE       0
                text56                            12368    12368        8     8000       0
                text55                            1239C    1239C        2     91CE       0
                text54                            11C46    11C46       48     8000       0
                text52                            120EA    120EA       22     8000       0
                text51                            121F2    121F2       18     8000       0
                text50                            1224A    1224A       12     8000       0
                text49                            121D4    121D4       1E     8000       0
                text48                            1234A    1234A        C     8000       0
                text47                            120C8    120C8       22     8000       0
                text46                            120A6    120A6       22     8000       0
                text45                            1185A    1185A       72     8000       0
                text44                            12360    12360        8     8000       0
                text43                            1232E    1232E        E     8000       0
                text42                            12320    12320        E     8000       0
                text41                            12312    12312        E     8000       0
                text40                            11CD6    11CD6       46     8000       0
                text39                            12304    12304        E     8000       0
                text38                            115CE    115CE       A0     8000       0
                text37                            11FEC    11FEC       32     8000       0
                text36                            11FBA    11FBA       32     8000       0
                text35                            11EEA    11EEA       36     8000       0
                text34                            11EB2    11EB2       38     8000       0
                text33                            11F88    11F88       32     8000       0
                text32                            122F6    122F6        E     8000       0
                text31                            122E8    122E8        E     8000       0
                text30                            122DA    122DA        E     8000       0
                text29                            122CC    122CC        E     8000       0
                text28                            11BAC    11BAC       4E     8000       0
                text27                            12236    12236       14     8000       0
                text26                            11B5E    11B5E       4E     8000       0
                text25                            11B10    11B10       4E     8000       0
                text24                            122BE    122BE        E     8000       0
                text23                            122B0    122B0        E     8000       0
                text22                            122A2    122A2        E     8000       0
                text21                            12294    12294        E     8000       0
                text20                            12286    12286        E     8000       0
                text19                            12278    12278        E     8000       0
                text18                            1226A    1226A        E     8000       0
                text17                            1225C    1225C        E     8000       0
                text16                            11384    11384       CE     8000       0
                text15                            1082E    1082E      15C     8000       0
                text14                            10C36    10C36      11C     8000       0
                text13                            11F20    11F20       34     8000       0
                text12                            10000    10000      41C     8000       0
                text11                            11AC0    11AC0       50     8000       0
                text10                            119A4    119A4       66     8000       0
                text9                             10E6C    10E6C      114     8000       0
                text8                             1220A    1220A       16     8000       0
                text7                             121B4    121B4       20     8000       0
                text6                             11452    11452       CC     8000       0
                text5                             116F2    116F2       80     8000       0
                text4                             11BFA    11BFA       4C     8000       0
                text3                             12194    12194       20     8000       0
                text2                             12082    12082       24     8000       0
                text1                             11194    11194       F8     8000       0
                text0                             10AE4    10AE4      152     8000       0
                cstackCOMRAM                         26       26       1D        2       1
                cstackBANK0                          C6       C6       19       60       1
                dataBANK0                            F4       F4        2       60       1
                bssBANK0                             60       60       66       60       1
                dataCOMRAM                           43       43        3        2       1
                bssCOMRAM                             2        2       24        2       1
                cinit                             11A68    11A68       58     8000       0
                nvBANK0                              DF       DF       15       60       1
                idataBANK0                        12399    12399        2     8000       0
                idataCOMRAM                       12396    12396        3     8000       0

TOTAL           Name                               Link     Load   Length     Space
        CLASS   CODE           
                intcode                               8        8      1D6         0
                init                                1DE      1DE        4         0
                reset_vec                             0        0        4         0
                text99                            12392    12392        4         0
                text98                            1238E    1238E        4         0
                text97                            1238A    1238A        4         0
                text96                            12386    12386        4         0
                text95                            1108C    1108C      108         0
                text94                            11E30    11E30       44         0
                text93                            12356    12356        A         0
                text92                            11DEC    11DEC       44         0
                text91                            11DA8    11DA8       44         0
                text90                            12382    12382        4         0
                text89                            1237E    1237E        4         0
                text88                            1237A    1237A        4         0
                text87                            12376    12376        4         0
                text86                            117E6    117E6       74         0
                text85                            1233C    1233C        E         0
                text84                            123A4    123A4        2         0
                text83                            12370    12370        6         0
                text82                            12050    12050       32         0
                text81                            1098A    1098A      15A         0
                text80                            10D52    10D52      11A         0
                text79                            11F54    11F54       34         0
                text78                            1041C    1041C      412         0
                text77                            11D62    11D62       46         0
                text76                            11A0A    11A0A       5E         0
                text75                            1166E    1166E       84         0
                text74                            1151E    1151E       B0         0
                text73                            10F80    10F80      10C         0
                text72                            1201E    1201E       32         0
                text71                            12172    12172       22         0
                text70                            12150    12150       22         0
                text69                            1212E    1212E       22         0
                text68                            1210C    1210C       22         0
                text67                            1193A    1193A       6A         0
                text66                            12220    12220       16         0
                text65                            1128C    1128C       F8         0
                text64                            11E74    11E74       3E         0
                text63                            11D1C    11D1C       46         0
                text62                            11C8E    11C8E       48         0
                text61                            123A2    123A2        2         0
                text60                            118CC    118CC       6E         0
                text59                            123A0    123A0        2         0
                text58                            11772    11772       74         0
                text57                            1239E    1239E        2         0
                text56                            12368    12368        8         0
                text55                            1239C    1239C        2         0
                text54                            11C46    11C46       48         0
                text52                            120EA    120EA       22         0
                text51                            121F2    121F2       18         0
                text50                            1224A    1224A       12         0
                text49                            121D4    121D4       1E         0
                text48                            1234A    1234A        C         0
                text47                            120C8    120C8       22         0
                text46                            120A6    120A6       22         0
                text45                            1185A    1185A       72         0
                text44                            12360    12360        8         0
                text43                            1232E    1232E        E         0
                text42                            12320    12320        E         0
                text41                            12312    12312        E         0
                text40                            11CD6    11CD6       46         0
                text39                            12304    12304        E         0
                text38                            115CE    115CE       A0         0
                text37                            11FEC    11FEC       32         0
                text36                            11FBA    11FBA       32         0
                text35                            11EEA    11EEA       36         0
                text34                            11EB2    11EB2       38         0
                text33                            11F88    11F88       32         0
                text32                            122F6    122F6        E         0
                text31                            122E8    122E8        E         0
                text30                            122DA    122DA        E         0
                text29                            122CC    122CC        E         0
                text28                            11BAC    11BAC       4E         0
                text27                            12236    12236       14         0
                text26                            11B5E    11B5E       4E         0
                text25                            11B10    11B10       4E         0
                text24                            122BE    122BE        E         0
                text23                            122B0    122B0        E         0
                text22                            122A2    122A2        E         0
                text21                            12294    12294        E         0
                text20                            12286    12286        E         0
                text19                            12278    12278        E         0
                text18                            1226A    1226A        E         0
                text17                            1225C    1225C        E         0
                text16                            11384    11384       CE         0
                text15                            1082E    1082E      15C         0
                text14                            10C36    10C36      11C         0
                text13                            11F20    11F20       34         0
                text12                            10000    10000      41C         0
                text11                            11AC0    11AC0       50         0
                text10                            119A4    119A4       66         0
                text9                             10E6C    10E6C      114         0
                text8                             1220A    1220A       16         0
                text7                             121B4    121B4       20         0
                text6                             11452    11452       CC         0
                text5                             116F2    116F2       80         0
                text4                             11BFA    11BFA       4C         0
                text3                             12194    12194       20         0
                text2                             12082    12082       24         0
                text1                             11194    11194       F8         0
                text0                             10AE4    10AE4      152         0
                cinit                             11A68    11A68       58         0
                idataBANK0                        12399    12399        2         0
                idataCOMRAM                       12396    12396        3         0

        CLASS   CONST          

        CLASS   SMALLCONST     

        CLASS   MEDIUMCONST    
                mediumconst                        FEFA     FEFA      106         0

        CLASS   COMRAM         
                cstackCOMRAM                         26       26       1D         1
                dataCOMRAM                           43       43        3         1
                bssCOMRAM                             2        2       24         1

        CLASS   ABS1           
                abs_s1                                1        1        1         1

        CLASS   BIGRAM         

        CLASS   RAM            

        CLASS   BANK0          
                cstackBANK0                          C6       C6       19         1
                dataBANK0                            F4       F4        2         1
                bssBANK0                             60       60       66         1
                nvBANK0                              DF       DF       15         1

        CLASS   BANK1          

        CLASS   BANK2          

        CLASS   BANK3          

        CLASS   BANK4          

        CLASS   BANK5          

        CLASS   BANK6          

        CLASS   BANK7          

        CLASS   BANK8          

        CLASS   BANK9          

        CLASS   BANK10         

        CLASS   BANK11         

        CLASS   BANK12         

        CLASS   BANK14         

        CLASS   SFR            

        CLASS   BIGSFR         

        CLASS   CONFIG         
                config                           300000   300000        C         4

        CLASS   IDLOC          

        CLASS   EEDATA         

        CLASS   FARRAM         

        CLASS   HEAP           

        CLASS   STACK          



SEGMENTS        Name                           Load    Length   Top    Selector   Space  Class

                reset_vec                      000000  000004  000004         0       0  CODE    
                bssCOMRAM                      000002  000044  000046         2       1  COMRAM  
                intcode                        000008  0001DA  0001E2         4       0  CODE    
                bssBANK0                       000060  000096  0000F6        60       1  BANK0   
                mediumconst                    00FEFA  000106  010000      7F7D       0  MEDIUMCO
                text12                         010000  00239B  01239B      8000       0  CODE    
                text55                         01239C  00000A  0123A6      91CE       0  CODE    


UNUSED ADDRESS RANGES

        Name                Unused          Largest block    Delta
        BANK0            0000F6-0000FF                A
        BANK1            000100-0001FF              100
        BANK10           000A00-000AFF              100
        BANK11           000B00-000BFF              100
        BANK12           000C00-000CFF              100
        BANK14           000E00-000E1E               1F
        BANK2            000200-0002FF              100
        BANK3            000300-0003FF              100
        BANK4            000400-0004FF              100
        BANK5            000500-0005FF              100
        BANK6            000600-0006FF              100
        BANK7            000700-0007FF              100
        BANK8            000800-0008FF              100
        BANK9            000900-0009FF              100
        BIGRAM           000046-00005F               1A
                         0000F6-000CFF              C0A
                         000E00-000E1E               1F
        BIGSFR           000D00-000DFF              100
                         000E1F-000FFF              1E1
        CODE             000004-000007                4
                         0001E2-00FEF9             FD18
                         01239B-01239B                1
                         0123A6-01FFFF             DC5A
        COMRAM           000046-00005F               1A
        CONST            000004-000007                4
                         0001E2-00FEF9             FD18
                         01239B-01239B                1
                         0123A6-01FFFF             DC5A
        EEDATA           310000-3103FF              400
        IDLOC            200000-2000FF              100
        MEDIUMCONST      001000-00FEF9             EEFA
                         01239B-01239B                1
                         0123A6-01FFFF             DC5A
        RAM              0000F6-000CFF              100
                         000E00-000E1E               1F
        SFR              000D00-000DFF              100
                         000E1F-000FFF               E1
        SMALLCONST       001000-00FEF9              100
                         01239B-01239B                1
                         0123A6-01FFFF              100

                                  Symbol Table

?_TMR0_CounterGet                                    cstackCOMRAM 000026
?_TMR1_CounterGet                                    cstackCOMRAM 000026
?_TMR3_CounterGet                                    cstackCOMRAM 000026
?_TMR5_CounterGet                                    cstackCOMRAM 000026
?_printf                                             cstackBANK0  0000DA
?_vfprintf                                           cstackBANK0  0000D3
CCP2_ArmOneShot@c                                    cstackBANK0  0000CA
CCP2_ArmOneShot@ticks                                cstackCOMRAM 000041
EUSART1_FramingErrorCallbackRegister@callbackHandler cstackCOMRAM 000040
EUSART1_OverrunErrorCallbackRegister@callbackHandler cstackCOMRAM 000040
EUSART1_Read@readValue                               cstackCOMRAM 000027
EUSART1_Read@tempRxTail                              cstackCOMRAM 000026
EUSART1_ReceiveISR@regValue                          cstackCOMRAM 000034
EUSART1_ReceiveISR@tempRxHead                        cstackCOMRAM 000035
EUSART1_RxCompleteCallbackRegister@callbackHandler   cstackCOMRAM 000040
EUSART1_TransmitISR@tempTxTail                       cstackCOMRAM 000026
EUSART1_Write@tempTxHead                             cstackCOMRAM 000041
EUSART1_Write@txData                                 cstackCOMRAM 000040
INT0_SetInterruptHandler@InterruptHandler            cstackCOMRAM 000040
INT1_SetInterruptHandler@InterruptHandler            cstackCOMRAM 000040
INT2_SetInterruptHandler@InterruptHandler            cstackCOMRAM 000040
IO_RC1_ISR@dummy                                     cstackCOMRAM 000032
IO_RC1_ISR@now                                       cstackCOMRAM 000033
IO_RC1_SetInterruptHandler@InterruptHandler          cstackCOMRAM 000040
TMR0_CounterGet@counterHighByte                      cstackCOMRAM 00002F
TMR0_CounterGet@counterLowByte                       cstackCOMRAM 00002E
TMR0_CounterGet@counterValue                         cstackCOMRAM 00002C
TMR0_CounterSet@counterValue                         cstackBANK0  0000C6
TMR0_OverflowCallbackRegister@callbackHandler        cstackCOMRAM 000040
TMR1_CounterGet@readVal                              cstackCOMRAM 00002C
TMR1_CounterGet@readValHigh                          cstackCOMRAM 00002E
TMR1_CounterGet@readValLow                           cstackCOMRAM 00002F
TMR1_CounterSet@onState                              cstackCOMRAM 000040
TMR1_CounterSet@timerVal                             cstackBANK0  0000C6
TMR1_OverflowCallbackRegister@CallbackHandler        cstackCOMRAM 000040
TMR3_CounterGet@readVal                              cstackCOMRAM 00002C
TMR3_CounterGet@readValHigh                          cstackCOMRAM 00002E
TMR3_CounterGet@readValLow                           cstackCOMRAM 00002F
TMR3_CounterSet@onState                              cstackCOMRAM 000040
TMR3_CounterSet@timerVal                             cstackBANK0  0000C6
TMR3_OverflowCallbackRegister@CallbackHandler        cstackCOMRAM 000040
TMR5_CounterGet@readVal                              cstackCOMRAM 00002C
TMR5_CounterGet@readValHigh                          cstackCOMRAM 00002E
TMR5_CounterGet@readValLow                           cstackCOMRAM 00002F
TMR5_CounterSet@onState                              cstackCOMRAM 000040
TMR5_CounterSet@timerVal                             cstackBANK0  0000C6
TMR5_OverflowCallbackRegister@CallbackHandler        cstackCOMRAM 000040
UART_ProcessCommand@b                                cstackCOMRAM 000032
UART_ProcessCommand@cmd6                             cstackCOMRAM 000033
_ANSELA                                              (abs)        000F0C
_ANSELB                                              (abs)        000F14
_ANSELC                                              (abs)        000F1C
_ANSELD                                              (abs)        000F21
_ANSELE                                              (abs)        000F29
_BAUD1CON                                            (abs)        000F9E
_BAUD1CONbits                                        (abs)        000F9E
_CCP2CON                                             (abs)        000FA7
_CCP2CONbits                                         (abs)        000FA7
_CCP2_ArmOneShot                                     text16       011384
_CCP2_CompareISR                                     text86       0117E6
_CCP2_Initialize                                     text51       0121F2
_CCPR2H                                              (abs)        000FA6
_CCPR2L                                              (abs)        000FA5
_CCPTMRSbits                                         (abs)        000FAD
_CLOCK_Initialize                                    text50       01224A
_CM1CON0                                             (abs)        000F34
_CM1CON0bits                                         (abs)        000F34
_CM1CON1                                             (abs)        000F35
_CM1NCH                                              (abs)        000F36
_CM1PCH                                              (abs)        000F37
_CMP1_ISR                                            text85       01233C
_CMP1_Initialize                                     text49       0121D4
_CMP1_InterruptHandler                               bssBANK0     0000B5
_DAC1CON0                                            (abs)        000F2E
_DAC1CON1                                            (abs)        000F2F
_DAC1_Initialize                                     text48       01234A
_DesiredSystemState                                  bssCOMRAM    000024
_EUSART1_AutoBaudQuery                               (abs)        000000
_EUSART1_AutoBaudSet                                 (abs)        000000
_EUSART1_DefaultFramingErrorCallback                 text84       0123A4
_EUSART1_DefaultOverrunErrorCallback                 text83       012370
_EUSART1_Deinitialize                                (abs)        000000
_EUSART1_ErrorGet                                    (abs)        000000
_EUSART1_FramingErrorCallbackRegister                text47       0120C8
_EUSART1_FramingErrorHandler                         bssBANK0     0000A3
_EUSART1_Initialize                                  text45       01185A
_EUSART1_IsRxReady                                   (abs)        000000
_EUSART1_IsTxDone                                    (abs)        000000
_EUSART1_IsTxReady                                   text8        01220A
_EUSART1_OverrunErrorCallbackRegister                text46       0120A6
_EUSART1_OverrunErrorHandler                         bssBANK0     0000A0
_EUSART1_Read                                        text82       012050
_EUSART1_ReceiveISR                                  text73       010F80
_EUSART1_RxCompleteCallbackRegister                  text52       0120EA
_EUSART1_RxCompleteInterruptHandler                  bssBANK0     0000A6
_EUSART1_RxInterruptHandler                          nvBANK0      0000EB
_EUSART1_TransmitDisable                             (abs)        000000
_EUSART1_TransmitEnable                              (abs)        000000
_EUSART1_TransmitISR                                 text72       01201E
_EUSART1_TxCompleteCallbackRegister                  (abs)        000000
_EUSART1_TxCompleteInterruptHandler                  bssBANK0     0000A9
_EUSART1_TxInterruptHandler                          nvBANK0      0000EE
_EUSART1_Write                                       text11       011AC0
_EUSART1_Write$intlevel0                             text11       011ACA
_FVRCON                                              (abs)        000F2C
_FVRCONbits                                          (abs)        000F2C
_FVR_Initialize                                      text44       012360
_INLVLA                                              (abs)        000F08
_INLVLB                                              (abs)        000F10
_INLVLC                                              (abs)        000F18
_INLVLD                                              (abs)        000F1D
_INLVLE                                              (abs)        000F25
_INT0_DefaultInterruptHandler                        (abs)        000000
_INT0_InterruptHandler                               bssBANK0     0000B2
_INT0_SetInterruptHandler                            text43       01232E
_INT1_DefaultInterruptHandler                        (abs)        000000
_INT1_InterruptHandler                               bssBANK0     0000AF
_INT1_SetInterruptHandler                            text42       012320
_INT2_DefaultInterruptHandler                        (abs)        000000
_INT2_InterruptHandler                               bssBANK0     0000AC
_INT2_SetInterruptHandler                            text41       012312
_INTCONbits                                          (abs)        000FF2
_INTERRUPT_Initialize                                text40       011CD6
_INTERRUPT_InterruptManager                          intcode      000008
_IOCAF                                               (abs)        000F05
_IOCAN                                               (abs)        000F06
_IOCAP                                               (abs)        000F07
_IOCBF                                               (abs)        000F0D
_IOCBN                                               (abs)        000F0E
_IOCBP                                               (abs)        000F0F
_IOCCF                                               (abs)        000F15
_IOCCFbits                                           (abs)        000F15
_IOCCN                                               (abs)        000F16
_IOCCP                                               (abs)        000F17
_IOCEF                                               (abs)        000F22
_IOCEN                                               (abs)        000F23
_IOCEP                                               (abs)        000F24
_IOC_counter                                         bssCOMRAM    000023
_IOC_counter_last_check                              bssCOMRAM    000022
_IOC_flag                                            bssCOMRAM    000021
_IO_RC1_DefaultInterruptHandler                      (abs)        000000
_IO_RC1_ISR                                          text67       01193A
_IO_RC1_InterruptHandler                             nvBANK0      0000F1
_IO_RC1_SetInterruptHandler                          text39       012304
_InputCommand                                        bssCOMRAM    000014
_LATA                                                (abs)        000F82
_LATAbits                                            (abs)        000F82
_LATB                                                (abs)        000F83
_LATC                                                (abs)        000F84
_LATCbits                                            (abs)        000F84
_LATD                                                (abs)        000F85
_LATDbits                                            (abs)        000F85
_LATE                                                (abs)        000F86
_LastCommand                                         bssCOMRAM    000013
_ODCONA                                              (abs)        000F0A
_ODCONB                                              (abs)        000F12
_ODCONC                                              (abs)        000F1A
_ODCOND                                              (abs)        000F1F
_ODCONE                                              (abs)        000F27
_OSCCON1                                             (abs)        000ED3
_OSCCON3                                             (abs)        000ED5
_OSCEN                                               (abs)        000ED7
_OSCFRQ                                              (abs)        000ED9
_OSCTUNE                                             (abs)        000ED8
_PIE0bits                                            (abs)        000EBD
_PIE2bits                                            (abs)        000EBF
_PIE3bits                                            (abs)        000EC0
_PIE4bits                                            (abs)        000EC1
_PIE5bits                                            (abs)        000EC2
_PIE6bits                                            (abs)        000EC3
_PIN_MANAGER_IOC                                     text66       012220
_PIN_MANAGER_Initialize                              text38       0115CE
_PIR0bits                                            (abs)        000EC5
_PIR2bits                                            (abs)        000EC7
_PIR3bits                                            (abs)        000EC8
_PIR4bits                                            (abs)        000EC9
_PIR5bits                                            (abs)        000ECA
_PIR6bits                                            (abs)        000ECB
_PORTC                                               (abs)        000F8E
_RC1REG                                              (abs)        000F98
_RC1STA                                              (abs)        000F9C
_RC1STAbits                                          (abs)        000F9C
_RC6PPS                                              (abs)        000EF8
_RX1PPS                                              (abs)        000EB0
_SLRCONA                                             (abs)        000F09
_SLRCONB                                             (abs)        000F11
_SLRCONC                                             (abs)        000F19
_SLRCOND                                             (abs)        000F1E
_SLRCONE                                             (abs)        000F26
_SP1BRGH                                             (abs)        000F9B
_SP1BRGL                                             (abs)        000F9A
_SYSTEM_Initialize                                   text33       011F88
_SystemState                                         bssCOMRAM    000025
_T0CON0                                              (abs)        000FD4
_T0CON0bits                                          (abs)        000FD4
_T0CON1                                              (abs)        000FD5
_T1CLK                                               (abs)        000FD1
_T1CON                                               (abs)        000FCE
_T1CONbits                                           (abs)        000FCE
_T1GATE                                              (abs)        000FD0
_T1GCON                                              (abs)        000FCF
_T3CLK                                               (abs)        000FCB
_T3CON                                               (abs)        000FC8
_T3CONbits                                           (abs)        000FC8
_T3GATE                                              (abs)        000FCA
_T3GCON                                              (abs)        000FC9
_T5CLK                                               (abs)        000FC5
_T5CON                                               (abs)        000FC2
_T5CONbits                                           (abs)        000FC2
_T5GATE                                              (abs)        000FC4
_T5GCON                                              (abs)        000FC3
_TMR0H                                               (abs)        000FD3
_TMR0L                                               (abs)        000FD2
_TMR0_CounterGet                                     text70       012150
_TMR0_CounterSet                                     text27       012236
_TMR0_CounterSet$intlevel0                           text27       012240
_TMR0_DefaultOverflowCallback                        text59       0123A0
_TMR0_Deinitialize                                   (abs)        000000
_TMR0_ISR                                            text64       011E74
_TMR0_Initialize                                     text37       011FEC
_TMR0_MaxCountGet                                    (abs)        000000
_TMR0_OverflowCallback                               nvBANK0      0000E8
_TMR0_OverflowCallbackRegister                       text31       0122E8
_TMR0_PeriodGet                                      (abs)        000000
_TMR0_PeriodSet                                      (abs)        000000
_TMR0_Start                                          text23       0122B0
_TMR0_Start$intlevel0                                text23       0122BA
_TMR0_Stop                                           text19       012278
_TMR0_Stop$intlevel0                                 text19       012282
_TMR1H                                               (abs)        000FCD
_TMR1L                                               (abs)        000FCC
_TMR1_CounterGet                                     text69       01212E
_TMR1_CounterSet                                     text26       011B5E
_TMR1_CounterSet$intlevel0                           text26       011B68
_TMR1_DefaultOverflowCallback                        text57       01239E
_TMR1_Deinitialize                                   (abs)        000000
_TMR1_Initialize                                     text36       011FBA
_TMR1_MaxCountGet                                    (abs)        000000
_TMR1_OverflowCallback                               nvBANK0      0000E5
_TMR1_OverflowCallbackRegister                       text30       0122DA
_TMR1_OverflowISR                                    text63       011D1C
_TMR1_PeriodGet                                      (abs)        000000
_TMR1_PeriodSet                                      (abs)        000000
_TMR1_Start                                          text22       0122A2
_TMR1_Start$intlevel0                                text22       0122AC
_TMR1_Stop                                           text18       01226A
_TMR1_Stop$intlevel0                                 text18       012274
_TMR3H                                               (abs)        000FC7
_TMR3L                                               (abs)        000FC6
_TMR3_CounterGet                                     text68       01210C
_TMR3_CounterSet                                     text25       011B10
_TMR3_CounterSet$intlevel0                           text25       011B1A
_TMR3_DefaultOverflowCallback                        text55       01239C
_TMR3_Deinitialize                                   (abs)        000000
_TMR3_Initialize                                     text35       011EEA
_TMR3_MaxCountGet                                    (abs)        000000
_TMR3_OverflowCallback                               nvBANK0      0000E2
_TMR3_OverflowCallbackRegister                       text29       0122CC
_TMR3_OverflowISR                                    text62       011C8E
_TMR3_PeriodGet                                      (abs)        000000
_TMR3_PeriodSet                                      (abs)        000000
_TMR3_Start                                          text21       012294
_TMR3_Start$intlevel0                                text21       01229E
_TMR3_Stop                                           text17       01225C
_TMR3_Stop$intlevel0                                 text17       012266
_TMR5H                                               (abs)        000FC1
_TMR5L                                               (abs)        000FC0
_TMR5_CounterGet                                     text71       012172
_TMR5_CounterSet                                     text28       011BAC
_TMR5_CounterSet$intlevel0                           text28       011BB6
_TMR5_DefaultOverflowCallback                        text61       0123A2
_TMR5_Deinitialize                                   (abs)        000000
_TMR5_Initialize                                     text34       011EB2
_TMR5_MaxCountGet                                    (abs)        000000
_TMR5_OverflowCallback                               nvBANK0      0000DF
_TMR5_OverflowCallbackRegister                       text32       0122F6
_TMR5_OverflowISR                                    text54       011C46
_TMR5_PeriodGet                                      (abs)        000000
_TMR5_PeriodSet                                      (abs)        000000
_TMR5_Start                                          text24       0122BE
_TMR5_Start$intlevel0                                text24       0122C8
_TMR5_Stop                                           text20       012286
_TMR5_Stop$intlevel0                                 text20       012290
_TRISA                                               (abs)        000F87
_TRISB                                               (abs)        000F88
_TRISC                                               (abs)        000F89
_TRISD                                               (abs)        000F8A
_TRISE                                               (abs)        000F8B
_TX1REG                                              (abs)        000F99
_TX1STA                                              (abs)        000F9D
_TX1STAbits                                          (abs)        000F9D
_Timer0                                              mediumconst  00FFA9
_Timer0_last_counter                                 bssCOMRAM    00000A
_Timer1                                              mediumconst  00FF88
_Timer3                                              mediumconst  00FF67
_Timer5                                              mediumconst  00FF46
_UART                                                mediumconst  00FEFB
_UART_ProcessCommand                                 text74       01151E
_WPUA                                                (abs)        000F0B
_WPUB                                                (abs)        000F13
_WPUC                                                (abs)        000F1B
_WPUD                                                (abs)        000F20
_WPUE                                                (abs)        000F28
_ZCD_Handler                                         text9        010E6C
__HRAM                                               (abs)        000000
__H__absolute__                                      __absolute__ 000000
__Habs1                                              abs1         000000
__Hbank0                                             bank0        000000
__Hbank1                                             bank1        000000
__Hbank10                                            bank10       000000
__Hbank11                                            bank11       000000
__Hbank12                                            bank12       000000
__Hbank14                                            bank14       000000
__Hbank2                                             bank2        000000
__Hbank3                                             bank3        000000
__Hbank4                                             bank4        000000
__Hbank5                                             bank5        000000
__Hbank6                                             bank6        000000
__Hbank7                                             bank7        000000
__Hbank8                                             bank8        000000
__Hbank9                                             bank9        000000
__Hbigbss                                            bigbss       000000
__Hbigdata                                           bigdata      000000
__Hbigram                                            bigram       000000
__Hbigsfr                                            bigsfr       000000
__Hbss                                               bss          000000
__HbssBANK0                                          bssBANK0     000000
__HbssCOMRAM                                         bssCOMRAM    000000
__Hcinit                                             cinit        000000
__Hclrtext                                           clrtext      000000
__Hcomram                                            comram       000000
__Hconfig                                            config       30000C
__Hconst                                             const        000000
__HcstackBANK0                                       cstackBANK0  000000
__HcstackCOMRAM                                      cstackCOMRAM 000000
__Hdata                                              data         000000
__HdataBANK0                                         dataBANK0    000000
__HdataCOMRAM                                        dataCOMRAM   000000
__Heeprom_data                                       eeprom_data  000000
__Hfarbss                                            farbss       000000
__Hfardata                                           fardata      000000
__Hheap                                              heap         000000
__Hibigdata                                          ibigdata     000000
__Hidata                                             idata        000000
__HidataBANK0                                        idataBANK0   000000
__HidataCOMRAM                                       idataCOMRAM  000000
__Hidloc                                             idloc        000000
__Hifardata                                          ifardata     000000
__Hinit                                              init         0001E2
__Hintcode                                           intcode      0001DE
__Hintcode_body                                      intcode_body 000000
__Hintcodelo                                         intcodelo    000018
__Hintentry                                          intentry     000000
__Hintret                                            intret       000000
__Hintsave_regs                                      intsave_regs 000000
__Hirdata                                            irdata       000000
__Hmediumconst                                       mediumconst  010000
__HnvBANK0                                           nvBANK0      000000
__HnvFARRAM                                          nvFARRAM     000000
__Hnvbit                                             nvbit        000000
__Hnvrram                                            nvrram       000000
__Hparam                                             rparam       000000
__Hpowerup                                           powerup      000000
__Hram                                               ram          000000
__Hramtop                                            ramtop       001000
__Hrbit                                              rbit         000000
__Hrbss                                              rbss         000000
__Hrdata                                             rdata        000000
__Hreset_vec                                         reset_vec    000004
__Hrparam                                            rparam       000000
__Hsfr                                               sfr          000000
__Hsivt_hi                                           sivt_hi      000000
__Hsivt_lo                                           sivt_lo      000018
__Hsmallconst                                        smallconst   000000
__Hspace_0                                           (abs)        0123A6
__Hspace_1                                           (abs)        0000F6
__Hspace_2                                           (abs)        000000
__Hspace_4                                           (abs)        60000C
__Hstack                                             stack        000000
__Hstruct                                            struct       000000
__Htemp                                              temp         000000
__Htext                                              text         000000
__Htext0                                             text0        000000
__Htext1                                             text1        000000
__Htext10                                            text10       000000
__Htext11                                            text11       000000
__Htext12                                            text12       000000
__Htext13                                            text13       000000
__Htext14                                            text14       000000
__Htext15                                            text15       000000
__Htext16                                            text16       000000
__Htext17                                            text17       000000
__Htext18                                            text18       000000
__Htext19                                            text19       000000
__Htext2                                             text2        000000
__Htext20                                            text20       000000
__Htext21                                            text21       000000
__Htext22                                            text22       000000
__Htext23                                            text23       000000
__Htext24                                            text24       000000
__Htext25                                            text25       000000
__Htext26                                            text26       000000
__Htext27                                            text27       000000
__Htext28                                            text28       000000
__Htext29                                            text29       000000
__Htext3                                             text3        000000
__Htext30                                            text30       000000
__Htext31                                            text31       000000
__Htext32                                            text32       000000
__Htext33                                            text33       000000
__Htext34                                            text34       000000
__Htext35                                            text35       000000
__Htext36                                            text36       000000
__Htext37                                            text37       000000
__Htext38                                            text38       000000
__Htext39                                            text39       000000
__Htext4                                             text4        000000
__Htext40                                            text40       000000
__Htext41                                            text41       000000
__Htext42                                            text42       000000
__Htext43                                            text43       000000
__Htext44                                            text44       000000
__Htext45                                            text45       000000
__Htext46                                            text46       000000
__Htext47                                            text47       000000
__Htext48                                            text48       000000
__Htext49                                            text49       000000
__Htext5                                             text5        000000
__Htext50                                            text50       000000
__Htext51                                            text51       000000
__Htext52                                            text52       000000
__Htext54                                            text54       000000
__Htext55                                            text55       000000
__Htext56                                            text56       000000
__Htext57                                            text57       000000
__Htext58                                            text58       000000
__Htext59                                            text59       000000
__Htext6                                             text6        000000
__Htext60                                            text60       000000
__Htext61                                            text61       000000
__Htext62                                            text62       000000
__Htext63                                            text63       000000
__Htext64                                            text64       000000
__Htext65                                            text65       000000
__Htext66                                            text66       000000
__Htext67                                            text67       000000
__Htext68                                            text68       000000
__Htext69                                            text69       000000
__Htext7                                             text7        000000
__Htext70                                            text70       000000
__Htext71                                            text71       000000
__Htext72                                            text72       000000
__Htext73                                            text73       000000
__Htext74                                            text74       000000
__Htext75                                            text75       000000
__Htext76                                            text76       000000
__Htext77                                            text77       000000
__Htext78                                            text78       000000
__Htext79                                            text79       000000
__Htext8                                             text8        000000
__Htext80                                            text80       000000
__Htext81                                            text81       000000
__Htext82                                            text82       000000
__Htext83                                            text83       000000
__Htext84                                            text84       000000
__Htext85                                            text85       000000
__Htext86                                            text86       000000
__Htext87                                            text87       000000
__Htext88                                            text88       000000
__Htext89                                            text89       000000
__Htext9                                             text9        000000
__Htext90                                            text90       000000
__Htext91                                            text91       000000
__Htext92                                            text92       000000
__Htext93                                            text93       000000
__Htext94                                            text94       000000
__Htext95                                            text95       000000
__Htext96                                            text96       000000
__Htext97                                            text97       000000
__Htext98                                            text98       000000
__Htext99                                            text99       000000
__LRAM                                               (abs)        000001
__L__absolute__                                      __absolute__ 000000
__Labs1                                              abs1         000000
__Lbank0                                             bank0        000000
__Lbank1                                             bank1        000000
__Lbank10                                            bank10       000000
__Lbank11                                            bank11       000000
__Lbank12                                            bank12       000000
__Lbank14                                            bank14       000000
__Lbank2                                             bank2        000000
__Lbank3                                             bank3        000000
__Lbank4                                             bank4        000000
__Lbank5                                             bank5        000000
__Lbank6                                             bank6        000000
__Lbank7                                             bank7        000000
__Lbank8                                             bank8        000000
__Lbank9                                             bank9        000000
__Lbigbss                                            bigbss       000000
__Lbigdata                                           bigdata      000000
__Lbigram                                            bigram       000000
__Lbigsfr                                            bigsfr       000000
__Lbss                                               bss          000000
__LbssBANK0                                          bssBANK0     000000
__LbssCOMRAM                                         bssCOMRAM    000000
__Lcinit                                             cinit        000000
__Lclrtext                                           clrtext      000000
__Lcomram                                            comram       000000
__Lconfig                                            config       000000
__Lconst                                             const        000000
__LcstackBANK0                                       cstackBANK0  000000
__LcstackCOMRAM                                      cstackCOMRAM 000000
__Ldata                                              data         000000
__LdataBANK0                                         dataBANK0    000000
__LdataCOMRAM                                        dataCOMRAM   000000
__Leeprom_data                                       eeprom_data  000000
__Lfarbss                                            farbss       000000
__Lfardata                                           fardata      000000
__Lheap                                              heap         000000
__Libigdata                                          ibigdata     000000
__Lidata                                             idata        000000
__LidataBANK0                                        idataBANK0   000000
__LidataCOMRAM                                       idataCOMRAM  000000
__Lidloc                                             idloc        000000
__Lifardata                                          ifardata     000000
__Linit                                              init         0001DE
__Lintcode                                           intcode      000008
__Lintcode_body                                      intcode_body 000000
__Lintcodelo                                         intcodelo    000018
__Lintentry                                          intentry     000000
__Lintret                                            intret       000000
__Lintsave_regs                                      intsave_regs 000000
__Lirdata                                            irdata       000000
__Lmediumconst                                       mediumconst  00FEFA
__LnvBANK0                                           nvBANK0      000000
__LnvFARRAM                                          nvFARRAM     000000
__Lnvbit                                             nvbit        000000
__Lnvrram                                            nvrram       000000
__Lparam                                             rparam       000000
__Lpowerup                                           powerup      000000
__Lram                                               ram          000000
__Lramtop                                            ramtop       001000
__Lrbit                                              rbit         000000
__Lrbss                                              rbss         000000
__Lrdata                                             rdata        000000
__Lreset_vec                                         reset_vec    000000
__Lrparam                                            rparam       000000
__Lsfr                                               sfr          000000
__Lsivt_hi                                           sivt_hi      000000
__Lsivt_lo                                           sivt_lo      000018
__Lsmallconst                                        smallconst   000000
__Lspace_0                                           (abs)        000000
__Lspace_1                                           (abs)        000000
__Lspace_2                                           (abs)        000000
__Lspace_4                                           (abs)        000000
__Lstack                                             stack        000000
__Lstruct                                            struct       000000
__Ltemp                                              temp         000000
__Ltext                                              text         000000
__Ltext0                                             text0        000000
__Ltext1                                             text1        000000
__Ltext10                                            text10       000000
__Ltext11                                            text11       000000
__Ltext12                                            text12       000000
__Ltext13                                            text13       000000
__Ltext14                                            text14       000000
__Ltext15                                            text15       000000
__Ltext16                                            text16       000000
__Ltext17                                            text17       000000
__Ltext18                                            text18       000000
__Ltext19                                            text19       000000
__Ltext2                                             text2        000000
__Ltext20                                            text20       000000
__Ltext21                                            text21       000000
__Ltext22                                            text22       000000
__Ltext23                                            text23       000000
__Ltext24                                            text24       000000
__Ltext25                                            text25       000000
__Ltext26                                            text26       000000
__Ltext27                                            text27       000000
__Ltext28                                            text28       000000
__Ltext29                                            text29       000000
__Ltext3                                             text3        000000
__Ltext30                                            text30       000000
__Ltext31                                            text31       000000
__Ltext32                                            text32       000000
__Ltext33                                            text33       000000
__Ltext34                                            text34       000000
__Ltext35                                            text35       000000
__Ltext36                                            text36       000000
__Ltext37                                            text37       000000
__Ltext38                                            text38       000000
__Ltext39                                            text39       000000
__Ltext4                                             text4        000000
__Ltext40                                            text40       000000
__Ltext41                                            text41       000000
__Ltext42                                            text42       000000
__Ltext43                                            text43       000000
__Ltext44                                            text44       000000
__Ltext45                                            text45       000000
__Ltext46                                            text46       000000
__Ltext47                                            text47       000000
__Ltext48                                            text48       000000
__Ltext49                                            text49       000000
__Ltext5                                             text5        000000
__Ltext50                                            text50       000000
__Ltext51                                            text51       000000
__Ltext52                                            text52       000000
__Ltext54                                            text54       000000
__Ltext55                                            text55       000000
__Ltext56                                            text56       000000
__Ltext57                                            text57       000000
__Ltext58                                            text58       000000
__Ltext59                                            text59       000000
__Ltext6                                             text6        000000
__Ltext60                                            text60       000000
__Ltext61                                            text61       000000
__Ltext62                                            text62       000000
__Ltext63                                            text63       000000
__Ltext64                                            text64       000000
__Ltext65                                            text65       000000
__Ltext66                                            text66       000000
__Ltext67                                            text67       000000
__Ltext68                                            text68       000000
__Ltext69                                            text69       000000
__Ltext7                                             text7        000000
__Ltext70                                            text70       000000
__Ltext71                                            text71       000000
__Ltext72                                            text72       000000
__Ltext73                                            text73       000000
__Ltext74                                            text74       000000
__Ltext75                                            text75       000000
__Ltext76                                            text76       000000
__Ltext77                                            text77       000000
__Ltext78                                            text78       000000
__Ltext79                                            text79       000000
__Ltext8                                             text8        000000
__Ltext80                                            text80       000000
__Ltext81                                            text81       000000
__Ltext82                                            text82       000000
__Ltext83                                            text83       000000
__Ltext84                                            text84       000000
__Ltext85                                            text85       000000
__Ltext86                                            text86       000000
__Ltext87                                            text87       000000
__Ltext88                                            text88       000000
__Ltext89                                            text89       000000
__Ltext9                                             text9        000000
__Ltext90                                            text90       000000
__Ltext91                                            text91       000000
__Ltext92                                            text92       000000
__Ltext93                                            text93       000000
__Ltext94                                            text94       000000
__Ltext95                                            text95       000000
__Ltext96                                            text96       000000
__Ltext97                                            text97       000000
__Ltext98                                            text98       000000
__Ltext99                                            text99       000000
__S0                                                 (abs)        0123A6
__S1                                                 (abs)        0000F6
__S4                                                 (abs)        000000
__S5                                                 (abs)        000000
___heap_hi                                           (abs)        000000
___heap_lo                                           (abs)        000000
___inthi_sp                                          stack        000000
___inthi_stack_hi                                    stack        000000
___inthi_stack_lo                                    stack        000000
___intlo_sp                                          stack        000000
___intlo_stack_hi                                    stack        000000
___intlo_stack_lo                                    stack        000000
___param_bank                                        (abs)        000000
___rparam_used                                       (abs)        000001
___sp                                                stack        000000
___stack_hi                                          stack        000000
___stack_lo                                          stack        000000
__accesstop                                          (abs)        000060
__activetblptr                                       (abs)        000003
__end_of_CCP2_ArmOneShot                             text16       011452
__end_of_CCP2_CompareISR                             text86       01185A
__end_of_CCP2_Initialize                             text51       01220A
__end_of_CLOCK_Initialize                            text50       01225C
__end_of_CMP1_ISR                                    text85       01234A
__end_of_CMP1_Initialize                             text49       0121F2
__end_of_DAC1_Initialize                             text48       012356
__end_of_EUSART1_DefaultFramingErrorCallback         text84       0123A6
__end_of_EUSART1_DefaultOverrunErrorCallback         text83       012376
__end_of_EUSART1_FramingErrorCallbackRegister        text47       0120EA
__end_of_EUSART1_Initialize                          text45       0118CC
__end_of_EUSART1_IsTxReady                           text8        012220
__end_of_EUSART1_OverrunErrorCallbackRegister        text46       0120C8
__end_of_EUSART1_Read                                text82       012082
__end_of_EUSART1_ReceiveISR                          text73       01108C
__end_of_EUSART1_RxCompleteCallbackRegister          text52       01210C
__end_of_EUSART1_TransmitISR                         text72       012050
__end_of_EUSART1_Write                               text11       011B10
__end_of_FVR_Initialize                              text44       012368
__end_of_INT0_SetInterruptHandler                    text43       01233C
__end_of_INT1_SetInterruptHandler                    text42       01232E
__end_of_INT2_SetInterruptHandler                    text41       012320
__end_of_INTERRUPT_Initialize                        text40       011D1C
__end_of_INTERRUPT_InterruptManager                  intcode      0001DE
__end_of_IO_RC1_ISR                                  text67       0119A4
__end_of_IO_RC1_SetInterruptHandler                  text39       012312
__end_of_PIN_MANAGER_IOC                             text66       012236
__end_of_PIN_MANAGER_Initialize                      text38       01166E
__end_of_SYSTEM_Initialize                           text33       011FBA
__end_of_TMR0_CounterGet                             text70       012172
__end_of_TMR0_CounterSet                             text27       01224A
__end_of_TMR0_DefaultOverflowCallback                text59       0123A2
__end_of_TMR0_ISR                                    text64       011EB2
__end_of_TMR0_Initialize                             text37       01201E
__end_of_TMR0_OverflowCallbackRegister               text31       0122F6
__end_of_TMR0_Start                                  text23       0122BE
__end_of_TMR0_Stop                                   text19       012286
__end_of_TMR1_CounterGet                             text69       012150
__end_of_TMR1_CounterSet                             text26       011BAC
__end_of_TMR1_DefaultOverflowCallback                text57       0123A0
[...]
__ptext85                                            text85       01233C
__ptext86                                            text86       0117E6
__ptext87                                            text87       012376
__ptext88                                            text88       01237A
__ptext89                                            text89       01237E
__ptext9                                             text9        010E6C
__ptext90                                            text90       012382
__ptext91                                            text91       011DA8
__ptext92                                            text92       011DEC
__ptext93                                            text93       012356
__ptext94                                            text94       011E30
__ptext95                                            text95       01108C
__ptext96                                            text96       012386
__ptext97                                            text97       01238A
__ptext98                                            text98       01238E
__ptext99                                            text99       012392
__ramtop                                             ramtop       001000
__smallconst                                         mediumconst  00FEFA
_checkCurrentDetection                               text58       011772
_command                                             bssBANK0     0000BE
_controlManager                                      text12       010000
_controlMismatchDirectionSoftStart                   text15       01082E
_controlMismatchDirectionSoftStart$2689              cstackBANK0  0000C9
_controlMismatchDirectionSoftStart$2691              cstackBANK0  0000CA
_controlMismatchDirectionSoftStart$2693              cstackBANK0  0000CB
_controlMismatchDirectionSoftStart$2694              cstackBANK0  0000CC
_controlStopStartChange                              text14       010C36
_controlStopStartChange$2682                         cstackBANK0  0000C9
_controlStopStartChange$2684                         cstackBANK0  0000CA
_controlStopStartChange$2686                         cstackBANK0  0000CB
_counterStep                                         dataBANK0    0000F4
_currentDetected_flag                                bssCOMRAM    000018
_current_flag                                        bssCOMRAM    000015
_debug_flag                                          bssCOMRAM    000016
_delayCounter                                        dataCOMRAM   000043
_direction                                           bssCOMRAM    000017
_enableCMP1                                          text56       012368
_errorHandler                                        text2        012082
_errorManager                                        text13       011F20
_errorStates                                         bssCOMRAM    00001A
_eusart1RxBuffer                                     bssBANK0     000090
_eusart1RxCount                                      bssCOMRAM    00001B
_eusart1RxHead                                       bssCOMRAM    00001D
_eusart1RxLastError                                  bssBANK0     0000BC
_eusart1RxStatusBuffer                               bssBANK0     000080
_eusart1RxTail                                       bssCOMRAM    00001C
_eusart1TxBuffer                                     bssBANK0     000098
_eusart1TxBufferRemaining                            bssCOMRAM    00001E
_eusart1TxHead                                       bssCOMRAM    000020
_eusart1TxTail                                       bssCOMRAM    00001F
_flags                                               bssCOMRAM    00000C
_fputc                                               text6        011452
_index                                               bssCOMRAM    000011
_inputManager                                        text75       01166E
_main                                                text0        010AE4
_period                                              mediumconst  00FFCA
_prec                                                bssBANK0     0000BA
_prev_current                                        bssCOMRAM    000019
_printf                                              text3        012194
_putch                                               text7        0121B4
_readMessage                                         bssCOMRAM    000010
_sendBits                                            text10       0119A4
_sendBits$2647                                       cstackBANK0  0000CA
_setTriacHigh                                        text95       01108C
_setTriacLow                                         text60       0118CC
_softStop_over_flag                                  bssCOMRAM    000012
_statusState                                         dataCOMRAM   000045
_statusUpdate                                        text1        011194
_timer1ReloadVal                                     bssCOMRAM    000006
_timer3ReloadVal                                     bssCOMRAM    000004
_timer5ReloadVal                                     bssCOMRAM    000002
_tmr0PeriodCount                                     bssCOMRAM    000008
_triacPulsWidth_us                                   mediumconst  00FFD2
_vfpfcnvrt                                           text5        0116F2
_vfprintf                                            text4        011BFA
_vrijemeKontroleFaznogKuta                           mediumconst  00FFCE
_width                                               bssBANK0     0000B8
_zcdTriggered                                        bssCOMRAM    00000F
btemp                                                (abs)        000001
btemp0                                               (abs)        000001
btemp1                                               (abs)        000002
checkCurrentDetection@cur_flag                       cstackCOMRAM 000034
checkCurrentDetection@delta                          cstackCOMRAM 000032
checkCurrentDetection@last_flag                      bssCOMRAM    00000D
checkCurrentDetection@prev_sample                    bssCOMRAM    00000E
checkCurrentDetection@sample                         cstackCOMRAM 000033
controlMismatchDirectionSoftStart@in_soft_start      cstackBANK0  0000C8
controlMismatchDirectionSoftStart@not_same_dir       cstackBANK0  0000C7
controlMismatchDirectionSoftStart@running            cstackBANK0  0000C6
controlStopStartChange@running                       cstackBANK0  0000C6
controlStopStartChange@same_dir                      cstackBANK0  0000C7
controlStopStartChange@system_in_soft_stop           cstackBANK0  0000C8
end_of_initialization                                cinit        011AB6
fputc@c                                              cstackBANK0  0000C6
fputc@fp                                             cstackBANK0  0000C8
i2EUSART1_Write@tempTxHead                           cstackCOMRAM 000027
i2EUSART1_Write@txData                               cstackCOMRAM 000026
i2TMR0_CounterSet@counterValue                       cstackCOMRAM 000026
i2TMR1_CounterSet@onState                            cstackCOMRAM 00002A
i2TMR1_CounterSet@timerVal                           cstackCOMRAM 000026
i2TMR3_CounterSet@onState                            cstackCOMRAM 00002A
i2TMR3_CounterSet@timerVal                           cstackCOMRAM 000026
i2TMR5_CounterSet@onState                            cstackCOMRAM 00002A
i2TMR5_CounterSet@timerVal                           cstackCOMRAM 000026
i2_EUSART1_Write                                     text77       011D62
i2_TMR0_CounterSet                                   text93       012356
i2_TMR0_Start                                        text98       01238E
i2_TMR0_Stop                                         text89       01237E
i2_TMR1_CounterSet                                   text92       011DEC
i2_TMR1_Start                                        text97       01238A
i2_TMR1_Stop                                         text88       01237A
i2_TMR3_CounterSet                                   text91       011DA8
i2_TMR3_Start                                        text96       012386
i2_TMR3_Stop                                         text87       012376
i2_TMR5_CounterSet                                   text94       011E30
i2_TMR5_Start                                        text99       012392
i2_TMR5_Stop                                         text90       012382
i2_controlManager                                    text78       01041C
i2_controlMismatchDirectionSoftStart                 text81       01098A
i2_controlMismatchDirectionSoftStart$2689            cstackCOMRAM 00002B
i2_controlMismatchDirectionSoftStart$2691            cstackCOMRAM 00002C
i2_controlMismatchDirectionSoftStart$2693            cstackCOMRAM 00002D
i2_controlMismatchDirectionSoftStart$2694            cstackCOMRAM 00002E
i2_controlStopStartChange                            text80       010D52
i2_controlStopStartChange$2682                       cstackCOMRAM 00002B
i2_controlStopStartChange$2684                       cstackCOMRAM 00002C
i2_controlStopStartChange$2686                       cstackCOMRAM 00002D
i2_errorManager                                      text79       011F54
i2_sendBits                                          text76       011A0A
i2_sendBits$2647                                     cstackCOMRAM 00002B
i2_statusUpdate                                      text65       01128C
i2controlMismatchDirectionSoftStart@in_soft_start    cstackCOMRAM 00002A
i2controlMismatchDirectionSoftStart@not_same_dir     cstackCOMRAM 000029
i2controlMismatchDirectionSoftStart@running          cstackCOMRAM 000028
i2controlStopStartChange@running                     cstackCOMRAM 000028
i2controlStopStartChange@same_dir                    cstackCOMRAM 000029
i2controlStopStartChange@system_in_soft_stop         cstackCOMRAM 00002A
i2sendBits@bit                                       cstackCOMRAM 00002D
i2sendBits@i                                         cstackCOMRAM 00002E
i2sendBits@value                                     cstackCOMRAM 00002A
int$flags                                            (abs)        000001
intlevel0                                            text         000000
intlevel1                                            text         000000
intlevel2                                            text         000000
intlevel3                                            text         000000
isa$std                                              (abs)        000001
isa$xinst                                            (abs)        000000
printf@ap                                            cstackBANK0  0000DC
printf@fmt                                           cstackBANK0  0000DA
putch@txData                                         cstackCOMRAM 000042
sendBits@bit                                         cstackBANK0  0000C9
sendBits@i                                           cstackBANK0  0000CC
sendBits@value                                       cstackBANK0  0000C8
stackhi                                              (abs)        000000
stacklo                                              (abs)        000000
start                                                init         0001DE
start_initialization                                 cinit        011A68
vfpfcnvrt@ap                                         cstackBANK0  0000D2
vfpfcnvrt@fmt                                        cstackBANK0  0000D1
vfpfcnvrt@fp                                         cstackBANK0  0000CF
vfprintf@ap                                          cstackBANK0  0000D7
vfprintf@cfmt                                        cstackBANK0  0000D8
vfprintf@fmt                                         cstackBANK0  0000D5
vfprintf@fp                                          cstackBANK0  0000D3


MODULE INFORMATION

Module		Function		Class		Link	Load	Size
mcc_generated_files/compare/src/ccp2.c
		_CCP2_Initialize		CODE           	121F2	0000	24

mcc_generated_files/compare/src/ccp2.c estimated size: 24

mcc_generated_files/timer/src/tmr5.c
		_TMR5_CounterGet		CODE           	12172	0000	34
		_TMR5_CounterSet		CODE           	11BAC	0000	78
		_TMR5_OverflowISR		CODE           	11C46	0000	72
		_TMR5_Initialize		CODE           	11EB2	0000	56
		_TMR5_Stop     		CODE           	12286	0000	14
		_TMR5_Start    		CODE           	122BE	0000	14
		_TMR5_OverflowCallbackRegister		CODE           	122F6	0000	14
		_TMR5_DefaultOverflowCallback		CODE           	123A2	0000	2

mcc_generated_files/timer/src/tmr5.c estimated size: 284

mcc_generated_files/timer/src/tmr3.c
		_TMR3_OverflowISR		CODE           	11C8E	0000	72
		_TMR3_Initialize		CODE           	11EEA	0000	54
		_TMR3_Stop     		CODE           	1225C	0000	14
		_TMR3_Start    		CODE           	12294	0000	14
		_TMR3_OverflowCallbackRegister		CODE           	122CC	0000	14
		_TMR3_DefaultOverflowCallback		CODE           	1239C	0000	2
		_TMR3_CounterGet		CODE           	1210C	0000	34
		_TMR3_CounterSet		CODE           	11B10	0000	78

mcc_generated_files/timer/src/tmr3.c estimated size: 282

mcc_generated_files/timer/src/tmr1.c
		_TMR1_Initialize		CODE           	11FBA	0000	50
		_TMR1_Stop     		CODE           	1226A	0000	14
		_TMR1_Start    		CODE           	122A2	0000	14
		_TMR1_OverflowCallbackRegister		CODE           	122DA	0000	14
		_TMR1_DefaultOverflowCallback		CODE           	1239E	0000	2
		_TMR1_CounterGet		CODE           	1212E	0000	34
		_TMR1_CounterSet		CODE           	11B5E	0000	78
		_TMR1_OverflowISR		CODE           	11D1C	0000	70

mcc_generated_files/timer/src/tmr1.c estimated size: 276

mcc_generated_files/system/src/interrupt.c
		_INT0_SetInterruptHandler		CODE           	1232E	0000	14
		_INT1_SetInterruptHandler		CODE           	12320	0000	14
		_INT2_SetInterruptHandler		CODE           	12312	0000	14
		_INTERRUPT_Initialize		CODE           	11CD6	0000	70
		_INTERRUPT_InterruptManager		CODE           	0008	0000	470

mcc_generated_files/system/src/interrupt.c estimated size: 582

C:\Program Files\Microchip\xc8\v3.10\pic\sources\c99\common\printf.c
		_printf        		CODE           	12194	0000	32

C:\Program Files\Microchip\xc8\v3.10\pic\sources\c99\common\printf.c estimated size: 32

mcc_generated_files/comparator/src/cmp1.c
		_CMP1_Initialize		CODE           	121D4	0000	30

mcc_generated_files/comparator/src/cmp1.c estimated size: 30

mcc_generated_files/system/src/pins.c
		_PIN_MANAGER_Initialize		CODE           	115CE	0000	160
		_IO_RC1_ISR    		CODE           	1193A	0000	106
		_PIN_MANAGER_IOC		CODE           	12220	0000	22
		_IO_RC1_SetInterruptHandler		CODE           	12304	0000	14

mcc_generated_files/system/src/pins.c estimated size: 302

mcc_generated_files/dac/src/dac1.c
		_DAC1_Initialize		CODE           	1234A	0000	12

mcc_generated_files/dac/src/dac1.c estimated size: 12

shared
		i2_TMR3_Start  		CODE           	12386	0000	4
		_Timer1        		MEDIUMCONST    	FF88	0000	33
		_triacPulsWidth_us		MEDIUMCONST    	FFD2	0000	2
		i2_sendBits    		CODE           	11A0A	0000	94
		_UART          		MEDIUMCONST    	FEFB	0000	75
		i2_TMR0_CounterSet		CODE           	12356	0000	10
		i2_TMR3_CounterSet		CODE           	11DA8	0000	68
		i2_TMR1_Stop   		CODE           	1237A	0000	4
		i2_TMR1_Start  		CODE           	1238A	0000	4
		i2_errorManager		CODE           	11F54	0000	52
		_Timer5        		MEDIUMCONST    	FF46	0000	33
		__initialization		CODE           	11A68	0000	78
		i2_TMR1_CounterSet		CODE           	11DEC	0000	68
		i2_EUSART1_Write		CODE           	11D62	0000	70
		i2_controlMismatchDirectionSoftStart		CODE           	1098A	0000	346
		i2_TMR5_Stop   		CODE           	12382	0000	4
		_vrijemeKontroleFaznogKuta		MEDIUMCONST    	FFCE	0000	4
		i2_TMR5_Start  		CODE           	12392	0000	4
		_Timer0        		MEDIUMCONST    	FFA9	0000	33
		_Timer3        		MEDIUMCONST    	FF67	0000	33
		i2_controlStopStartChange		CODE           	10D52	0000	282
		_period        		MEDIUMCONST    	FFCA	0000	4
		i2_controlManager		CODE           	1041C	0000	1042
		i2_TMR5_CounterSet		CODE           	11E30	0000	68
		i2_TMR0_Stop   		CODE           	1237E	0000	4
		i2_TMR3_Stop   		CODE           	12376	0000	4
		i2_statusUpdate		CODE           	1128C	0000	248
		i2_TMR0_Start  		CODE           	1238E	0000	4

shared estimated size: 2675

C:\Program Files\Microchip\xc8\v3.10\pic\sources\c99\common\nf_fputc.c
		_fputc         		CODE           	11452	0000	204

C:\Program Files\Microchip\xc8\v3.10\pic\sources\c99\common\nf_fputc.c estimated size: 204

mcc_generated_files/system/src/clock.c
		_CLOCK_Initialize		CODE           	1224A	0000	18

mcc_generated_files/system/src/clock.c estimated size: 18

mcc_generated_files/timer/src/tmr0.c
		_TMR0_OverflowCallbackRegister		CODE           	122E8	0000	14
		_TMR0_DefaultOverflowCallback		CODE           	123A0	0000	2
		_TMR0_CounterGet		CODE           	12150	0000	34
		_TMR0_CounterSet		CODE           	12236	0000	20
		_TMR0_ISR      		CODE           	11E74	0000	62
		_TMR0_Initialize		CODE           	11FEC	0000	50
		_TMR0_Stop     		CODE           	12278	0000	14
		_TMR0_Start    		CODE           	122B0	0000	14

mcc_generated_files/timer/src/tmr0.c estimated size: 210

C:\Program Files\Microchip\xc8\v3.10\pic\sources\c99\common\doprnt.c
		_vfpfcnvrt     		CODE           	116F2	0000	128
		_vfprintf      		CODE           	11BFA	0000	76

C:\Program Files\Microchip\xc8\v3.10\pic\sources\c99\common\doprnt.c estimated size: 204

main.c
		_ZCD_Handler   		CODE           	10E6C	0000	276
		_sendBits      		CODE           	119A4	0000	102
		_CCP2_CompareISR		CODE           	117E6	0000	116
		_statusUpdate  		CODE           	11194	0000	248
		_setTriacLow   		CODE           	118CC	0000	110
		_setTriacHigh  		CODE           	1108C	0000	264
		_errorHandler  		CODE           	12082	0000	36
		_UART_ProcessCommand		CODE           	1151E	0000	176
		_main          		CODE           	10AE4	0000	338
		_controlMismatchDirectionSoftStart		CODE           	1082E	0000	348
		_enableCMP1    		CODE           	12368	0000	8
		_controlStopStartChange		CODE           	10C36	0000	284
		_controlManager		CODE           	10000	0000	1052
		_CMP1_ISR      		CODE           	1233C	0000	14
		_inputManager  		CODE           	1166E	0000	132
		_CCP2_ArmOneShot		CODE           	11384	0000	206
		_checkCurrentDetection		CODE           	11772	0000	116
		_errorManager  		CODE           	11F20	0000	52

main.c estimated size: 3878

mcc_generated_files/fvr/src/fvr.c
		_FVR_Initialize		CODE           	12360	0000	8

mcc_generated_files/fvr/src/fvr.c estimated size: 8

mcc_generated_files/uart/src/eusart1.c
		_EUSART1_Initialize		CODE           	1185A	0000	114
		_EUSART1_ReceiveISR		CODE           	10F80	0000	268
		_EUSART1_RxCompleteCallbackRegister		CODE           	120EA	0000	34
		_putch         		CODE           	121B4	0000	32
		_EUSART1_DefaultFramingErrorCallback		CODE           	123A4	0000	2
		_EUSART1_Read  		CODE           	12050	0000	50
		_EUSART1_Write 		CODE           	11AC0	0000	80
		_EUSART1_TransmitISR		CODE           	1201E	0000	50
		_EUSART1_FramingErrorCallbackRegister		CODE           	120C8	0000	34
		_EUSART1_IsTxReady		CODE           	1220A	0000	22
		_EUSART1_OverrunErrorCallbackRegister		CODE           	120A6	0000	34
		_EUSART1_DefaultOverrunErrorCallback		CODE           	12370	0000	6

mcc_generated_files/uart/src/eusart1.c estimated size: 726

mcc_generated_files/system/src/system.c
		_SYSTEM_Initialize		CODE           	11F88	0000	50

mcc_generated_files/system/src/system.c estimated size: 50

